Archive member included to satisfy reference by file (symbol)

c:/progra~2/gnuarm~1/102021~1.10/bin/../lib/gcc/arm-none-eabi/10.3.1/thumb/v6-m/nofp\libgcc.a(_udivsi3.o)
                              CMakeFiles/L051MAX77857.elf.dir/Core/Src/UI.c.obj (__aeabi_uidiv)
c:/progra~2/gnuarm~1/102021~1.10/bin/../lib/gcc/arm-none-eabi/10.3.1/thumb/v6-m/nofp\libgcc.a(_divsi3.o)
                              CMakeFiles/L051MAX77857.elf.dir/Core/Src/u8g2/mui_u8g2.c.obj (__aeabi_idiv)
c:/progra~2/gnuarm~1/102021~1.10/bin/../lib/gcc/arm-none-eabi/10.3.1/thumb/v6-m/nofp\libgcc.a(_dvmd_tls.o)
                              c:/progra~2/gnuarm~1/102021~1.10/bin/../lib/gcc/arm-none-eabi/10.3.1/thumb/v6-m/nofp\libgcc.a(_udivsi3.o) (__aeabi_idiv0)
c:/progra~2/gnuarm~1/102021~1.10/bin/../lib/gcc/arm-none-eabi/10.3.1/thumb/v6-m/nofp\libgcc.a(_arm_cmpsf2.o)
                              CMakeFiles/L051MAX77857.elf.dir/Core/Src/MAX77857.c.obj (__aeabi_fcmplt)
c:/progra~2/gnuarm~1/102021~1.10/bin/../lib/gcc/arm-none-eabi/10.3.1/thumb/v6-m/nofp\libgcc.a(_aeabi_uldivmod.o)
                              CMakeFiles/L051MAX77857.elf.dir/Drivers/STM32L0xx_HAL_Driver/Src/stm32l0xx_hal_rcc.c.obj (__aeabi_uldivmod)
c:/progra~2/gnuarm~1/102021~1.10/bin/../lib/gcc/arm-none-eabi/10.3.1/thumb/v6-m/nofp\libgcc.a(_muldi3.o)
                              CMakeFiles/L051MAX77857.elf.dir/Drivers/STM32L0xx_HAL_Driver/Src/stm32l0xx_hal_rcc.c.obj (__aeabi_lmul)
c:/progra~2/gnuarm~1/102021~1.10/bin/../lib/gcc/arm-none-eabi/10.3.1/thumb/v6-m/nofp\libgcc.a(_fixunssfsi.o)
                              CMakeFiles/L051MAX77857.elf.dir/Core/Src/MAX77857.c.obj (__aeabi_f2uiz)
c:/progra~2/gnuarm~1/102021~1.10/bin/../lib/gcc/arm-none-eabi/10.3.1/thumb/v6-m/nofp\libgcc.a(_udivmoddi4.o)
                              c:/progra~2/gnuarm~1/102021~1.10/bin/../lib/gcc/arm-none-eabi/10.3.1/thumb/v6-m/nofp\libgcc.a(_aeabi_uldivmod.o) (__udivmoddi4)
c:/progra~2/gnuarm~1/102021~1.10/bin/../lib/gcc/arm-none-eabi/10.3.1/thumb/v6-m/nofp\libgcc.a(divsf3.o)
                              CMakeFiles/L051MAX77857.elf.dir/Core/Src/MAX77857.c.obj (__aeabi_fdiv)
c:/progra~2/gnuarm~1/102021~1.10/bin/../lib/gcc/arm-none-eabi/10.3.1/thumb/v6-m/nofp\libgcc.a(eqsf2.o)
                              c:/progra~2/gnuarm~1/102021~1.10/bin/../lib/gcc/arm-none-eabi/10.3.1/thumb/v6-m/nofp\libgcc.a(_arm_cmpsf2.o) (__eqsf2)
c:/progra~2/gnuarm~1/102021~1.10/bin/../lib/gcc/arm-none-eabi/10.3.1/thumb/v6-m/nofp\libgcc.a(gesf2.o)
                              c:/progra~2/gnuarm~1/102021~1.10/bin/../lib/gcc/arm-none-eabi/10.3.1/thumb/v6-m/nofp\libgcc.a(_arm_cmpsf2.o) (__gesf2)
c:/progra~2/gnuarm~1/102021~1.10/bin/../lib/gcc/arm-none-eabi/10.3.1/thumb/v6-m/nofp\libgcc.a(lesf2.o)
                              c:/progra~2/gnuarm~1/102021~1.10/bin/../lib/gcc/arm-none-eabi/10.3.1/thumb/v6-m/nofp\libgcc.a(_arm_cmpsf2.o) (__lesf2)
c:/progra~2/gnuarm~1/102021~1.10/bin/../lib/gcc/arm-none-eabi/10.3.1/thumb/v6-m/nofp\libgcc.a(mulsf3.o)
                              CMakeFiles/L051MAX77857.elf.dir/Core/Src/MAX77857.c.obj (__aeabi_fmul)
c:/progra~2/gnuarm~1/102021~1.10/bin/../lib/gcc/arm-none-eabi/10.3.1/thumb/v6-m/nofp\libgcc.a(subsf3.o)
                              CMakeFiles/L051MAX77857.elf.dir/Core/Src/MAX77857.c.obj (__aeabi_fsub)
c:/progra~2/gnuarm~1/102021~1.10/bin/../lib/gcc/arm-none-eabi/10.3.1/thumb/v6-m/nofp\libgcc.a(fixsfsi.o)
                              c:/progra~2/gnuarm~1/102021~1.10/bin/../lib/gcc/arm-none-eabi/10.3.1/thumb/v6-m/nofp\libgcc.a(_fixunssfsi.o) (__aeabi_f2iz)
c:/progra~2/gnuarm~1/102021~1.10/bin/../lib/gcc/arm-none-eabi/10.3.1/thumb/v6-m/nofp\libgcc.a(_clzsi2.o)
                              c:/progra~2/gnuarm~1/102021~1.10/bin/../lib/gcc/arm-none-eabi/10.3.1/thumb/v6-m/nofp\libgcc.a(divsf3.o) (__clzsi2)
c:/progra~2/gnuarm~1/102021~1.10/bin/../lib/gcc/arm-none-eabi/10.3.1/thumb/v6-m/nofp\libgcc.a(_clzdi2.o)
                              c:/progra~2/gnuarm~1/102021~1.10/bin/../lib/gcc/arm-none-eabi/10.3.1/thumb/v6-m/nofp\libgcc.a(_udivmoddi4.o) (__clzdi2)
c:/progra~2/gnuarm~1/102021~1.10/bin/../lib/gcc/arm-none-eabi/10.3.1/../../../../arm-none-eabi/lib/thumb/v6-m/nofp\libg.a(lib_a-errno.o)
                              CMakeFiles/L051MAX77857.elf.dir/Core/Src/syscalls.c.obj (__errno)
c:/progra~2/gnuarm~1/102021~1.10/bin/../lib/gcc/arm-none-eabi/10.3.1/../../../../arm-none-eabi/lib/thumb/v6-m/nofp\libg.a(lib_a-exit.o)
                              c:/progra~2/gnuarm~1/102021~1.10/bin/../lib/gcc/arm-none-eabi/10.3.1/../../../../arm-none-eabi/lib/thumb/v6-m/nofp/crt0.o (exit)
c:/progra~2/gnuarm~1/102021~1.10/bin/../lib/gcc/arm-none-eabi/10.3.1/../../../../arm-none-eabi/lib/thumb/v6-m/nofp\libg.a(lib_a-impure.o)
                              c:/progra~2/gnuarm~1/102021~1.10/bin/../lib/gcc/arm-none-eabi/10.3.1/../../../../arm-none-eabi/lib/thumb/v6-m/nofp\libg.a(lib_a-exit.o) (_global_impure_ptr)
[...]
Memory Configuration

Name             Origin             Length             Attributes
RAM              0x20000000         0x00002000         xrw
FLASH            0x08000000         0x00010000         xr
*default*        0x00000000         0xffffffff

Linker script and memory map

LOAD c:/progra~2/gnuarm~1/102021~1.10/bin/../lib/gcc/arm-none-eabi/10.3.1/thumb/v6-m/nofp/crti.o
LOAD c:/progra~2/gnuarm~1/102021~1.10/bin/../lib/gcc/arm-none-eabi/10.3.1/thumb/v6-m/nofp/crtbegin.o
LOAD c:/progra~2/gnuarm~1/102021~1.10/bin/../lib/gcc/arm-none-eabi/10.3.1/../../../../arm-none-eabi/lib/thumb/v6-m/nofp/crt0.o
LOAD CMakeFiles/L051MAX77857.elf.dir/Core/Src/EntropyI2C.c.obj
LOAD CMakeFiles/L051MAX77857.elf.dir/Core/Src/MAX77857.c.obj
LOAD CMakeFiles/L051MAX77857.elf.dir/Core/Src/UI.c.obj
LOAD CMakeFiles/L051MAX77857.elf.dir/Core/Src/bsp_sIIC.c.obj
LOAD CMakeFiles/L051MAX77857.elf.dir/Core/Src/main.c.obj
LOAD CMakeFiles/L051MAX77857.elf.dir/Core/Src/stm32l0xx_hal_msp.c.obj
LOAD CMakeFiles/L051MAX77857.elf.dir/Core/Src/stm32l0xx_it.c.obj
LOAD CMakeFiles/L051MAX77857.elf.dir/Core/Src/syscalls.c.obj
LOAD CMakeFiles/L051MAX77857.elf.dir/Core/Src/sysmem.c.obj
LOAD CMakeFiles/L051MAX77857.elf.dir/Core/Src/system_stm32l0xx.c.obj
LOAD CMakeFiles/L051MAX77857.elf.dir/Core/Src/u8g2/mui.c.obj
LOAD CMakeFiles/L051MAX77857.elf.dir/Core/Src/u8g2/mui_u8g2.c.obj
LOAD CMakeFiles/L051MAX77857.elf.dir/Core/Src/u8g2/u8g2_bitmap.c.obj
LOAD CMakeFiles/L051MAX77857.elf.dir/Core/Src/u8g2/u8g2_box.c.obj
LOAD CMakeFiles/L051MAX77857.elf.dir/Core/Src/u8g2/u8g2_buffer.c.obj
LOAD CMakeFiles/L051MAX77857.elf.dir/Core/Src/u8g2/u8g2_button.c.obj
LOAD CMakeFiles/L051MAX77857.elf.dir/Core/Src/u8g2/u8g2_circle.c.obj
LOAD CMakeFiles/L051MAX77857.elf.dir/Core/Src/u8g2/u8g2_cleardisplay.c.obj
LOAD CMakeFiles/L051MAX77857.elf.dir/Core/Src/u8g2/u8g2_d_memory.c.obj
LOAD CMakeFiles/L051MAX77857.elf.dir/Core/Src/u8g2/u8g2_d_setup.c.obj
LOAD CMakeFiles/L051MAX77857.elf.dir/Core/Src/u8g2/u8g2_font.c.obj
LOAD CMakeFiles/L051MAX77857.elf.dir/Core/Src/u8g2/u8g2_fonts.c.obj
LOAD CMakeFiles/L051MAX77857.elf.dir/Core/Src/u8g2/u8g2_hvline.c.obj
LOAD CMakeFiles/L051MAX77857.elf.dir/Core/Src/u8g2/u8g2_input_value.c.obj
LOAD CMakeFiles/L051MAX77857.elf.dir/Core/Src/u8g2/u8g2_intersection.c.obj
LOAD CMakeFiles/L051MAX77857.elf.dir/Core/Src/u8g2/u8g2_kerning.c.obj
LOAD CMakeFiles/L051MAX77857.elf.dir/Core/Src/u8g2/u8g2_line.c.obj
LOAD CMakeFiles/L051MAX77857.elf.dir/Core/Src/u8g2/u8g2_ll_hvline.c.obj
LOAD CMakeFiles/L051MAX77857.elf.dir/Core/Src/u8g2/u8g2_message.c.obj
LOAD CMakeFiles/L051MAX77857.elf.dir/Core/Src/u8g2/u8g2_polygon.c.obj
LOAD CMakeFiles/L051MAX77857.elf.dir/Core/Src/u8g2/u8g2_selection_list.c.obj
LOAD CMakeFiles/L051MAX77857.elf.dir/Core/Src/u8g2/u8g2_setup.c.obj
LOAD CMakeFiles/L051MAX77857.elf.dir/Core/Src/u8g2/u8log.c.obj
LOAD CMakeFiles/L051MAX77857.elf.dir/Core/Src/u8g2/u8log_u8g2.c.obj
LOAD CMakeFiles/L051MAX77857.elf.dir/Core/Src/u8g2/u8log_u8x8.c.obj
LOAD CMakeFiles/L051MAX77857.elf.dir/Core/Src/u8g2/u8x8_8x8.c.obj
LOAD CMakeFiles/L051MAX77857.elf.dir/Core/Src/u8g2/u8x8_byte.c.obj
LOAD CMakeFiles/L051MAX77857.elf.dir/Core/Src/u8g2/u8x8_cad.c.obj
LOAD CMakeFiles/L051MAX77857.elf.dir/Core/Src/u8g2/u8x8_capture.c.obj
LOAD CMakeFiles/L051MAX77857.elf.dir/Core/Src/u8g2/u8x8_d_ssd1306_128x64_noname.c.obj
LOAD CMakeFiles/L051MAX77857.elf.dir/Core/Src/u8g2/u8x8_debounce.c.obj
LOAD CMakeFiles/L051MAX77857.elf.dir/Core/Src/u8g2/u8x8_display.c.obj
LOAD CMakeFiles/L051MAX77857.elf.dir/Core/Src/u8g2/u8x8_fonts.c.obj
LOAD CMakeFiles/L051MAX77857.elf.dir/Core/Src/u8g2/u8x8_gpio.c.obj
LOAD CMakeFiles/L051MAX77857.elf.dir/Core/Src/u8g2/u8x8_input_value.c.obj
LOAD CMakeFiles/L051MAX77857.elf.dir/Core/Src/u8g2/u8x8_message.c.obj
LOAD CMakeFiles/L051MAX77857.elf.dir/Core/Src/u8g2/u8x8_selection_list.c.obj
LOAD CMakeFiles/L051MAX77857.elf.dir/Core/Src/u8g2/u8x8_setup.c.obj
LOAD CMakeFiles/L051MAX77857.elf.dir/Core/Src/u8g2/u8x8_string.c.obj
LOAD CMakeFiles/L051MAX77857.elf.dir/Core/Src/u8g2/u8x8_u16toa.c.obj
LOAD CMakeFiles/L051MAX77857.elf.dir/Core/Src/u8g2/u8x8_u8toa.c.obj
LOAD CMakeFiles/L051MAX77857.elf.dir/Core/Src/u8g2_stm32.c.obj
LOAD CMakeFiles/L051MAX77857.elf.dir/Core/Startup/startup_stm32l051c8tx.s.obj
LOAD CMakeFiles/L051MAX77857.elf.dir/Drivers/STM32L0xx_HAL_Driver/Src/stm32l0xx_hal.c.obj
LOAD CMakeFiles/L051MAX77857.elf.dir/Drivers/STM32L0xx_HAL_Driver/Src/stm32l0xx_hal_cortex.c.obj
LOAD CMakeFiles/L051MAX77857.elf.dir/Drivers/STM32L0xx_HAL_Driver/Src/stm32l0xx_hal_dma.c.obj
LOAD CMakeFiles/L051MAX77857.elf.dir/Drivers/STM32L0xx_HAL_Driver/Src/stm32l0xx_hal_exti.c.obj
LOAD CMakeFiles/L051MAX77857.elf.dir/Drivers/STM32L0xx_HAL_Driver/Src/stm32l0xx_hal_flash.c.obj
LOAD CMakeFiles/L051MAX77857.elf.dir/Drivers/STM32L0xx_HAL_Driver/Src/stm32l0xx_hal_flash_ex.c.obj
LOAD CMakeFiles/L051MAX77857.elf.dir/Drivers/STM32L0xx_HAL_Driver/Src/stm32l0xx_hal_flash_ramfunc.c.obj
LOAD CMakeFiles/L051MAX77857.elf.dir/Drivers/STM32L0xx_HAL_Driver/Src/stm32l0xx_hal_gpio.c.obj
LOAD CMakeFiles/L051MAX77857.elf.dir/Drivers/STM32L0xx_HAL_Driver/Src/stm32l0xx_hal_i2c.c.obj
LOAD CMakeFiles/L051MAX77857.elf.dir/Drivers/STM32L0xx_HAL_Driver/Src/stm32l0xx_hal_i2c_ex.c.obj
LOAD CMakeFiles/L051MAX77857.elf.dir/Drivers/STM32L0xx_HAL_Driver/Src/stm32l0xx_hal_pwr.c.obj
LOAD CMakeFiles/L051MAX77857.elf.dir/Drivers/STM32L0xx_HAL_Driver/Src/stm32l0xx_hal_pwr_ex.c.obj
LOAD CMakeFiles/L051MAX77857.elf.dir/Drivers/STM32L0xx_HAL_Driver/Src/stm32l0xx_hal_rcc.c.obj
LOAD CMakeFiles/L051MAX77857.elf.dir/Drivers/STM32L0xx_HAL_Driver/Src/stm32l0xx_hal_rcc_ex.c.obj
LOAD CMakeFiles/L051MAX77857.elf.dir/Drivers/STM32L0xx_HAL_Driver/Src/stm32l0xx_hal_tim.c.obj
LOAD CMakeFiles/L051MAX77857.elf.dir/Drivers/STM32L0xx_HAL_Driver/Src/stm32l0xx_hal_tim_ex.c.obj
START GROUP
LOAD c:/progra~2/gnuarm~1/102021~1.10/bin/../lib/gcc/arm-none-eabi/10.3.1/thumb/v6-m/nofp\libgcc.a
LOAD c:/progra~2/gnuarm~1/102021~1.10/bin/../lib/gcc/arm-none-eabi/10.3.1/../../../../arm-none-eabi/lib/thumb/v6-m/nofp\libg.a
LOAD c:/progra~2/gnuarm~1/102021~1.10/bin/../lib/gcc/arm-none-eabi/10.3.1/../../../../arm-none-eabi/lib/thumb/v6-m/nofp\libc.a
END GROUP
LOAD c:/progra~2/gnuarm~1/102021~1.10/bin/../lib/gcc/arm-none-eabi/10.3.1/thumb/v6-m/nofp/crtend.o
LOAD c:/progra~2/gnuarm~1/102021~1.10/bin/../lib/gcc/arm-none-eabi/10.3.1/thumb/v6-m/nofp/crtn.o
                0x20002000                _estack = (ORIGIN (RAM) + LENGTH (RAM))
                0x00000200                _Min_Heap_Size = 0x200
                0x00000400                _Min_Stack_Size = 0x400

.isr_vector     0x08000000       0xc0
                0x08000000                . = ALIGN (0x4)
 *(.isr_vector)
 .isr_vector    0x08000000       0xc0 CMakeFiles/L051MAX77857.elf.dir/Core/Startup/startup_stm32l051c8tx.s.obj
                0x08000000                g_pfnVectors
                0x080000c0                . = ALIGN (0x4)

.text           0x080000c0     0x329c
                0x080000c0                . = ALIGN (0x4)
 *(.text)
 .text          0x080000c0       0x48 c:/progra~2/gnuarm~1/102021~1.10/bin/../lib/gcc/arm-none-eabi/10.3.1/thumb/v6-m/nofp/crtbegin.o
 .text          0x08000108      0x114 c:/progra~2/gnuarm~1/102021~1.10/bin/../lib/gcc/arm-none-eabi/10.3.1/thumb/v6-m/nofp\libgcc.a(_udivsi3.o)
                0x08000108                __aeabi_uidiv
                0x08000108                __udivsi3
                0x08000214                __aeabi_uidivmod
 .text          0x0800021c        0x4 c:/progra~2/gnuarm~1/102021~1.10/bin/../lib/gcc/arm-none-eabi/10.3.1/thumb/v6-m/nofp\libgcc.a(_dvmd_tls.o)
                0x0800021c                __aeabi_idiv0
                0x0800021c                __aeabi_ldiv0
 .text          0x08000220       0x40 c:/progra~2/gnuarm~1/102021~1.10/bin/../lib/gcc/arm-none-eabi/10.3.1/thumb/v6-m/nofp\libgcc.a(_aeabi_uldivmod.o)
                0x08000220                __aeabi_uldivmod
 .text          0x08000260       0x5c c:/progra~2/gnuarm~1/102021~1.10/bin/../lib/gcc/arm-none-eabi/10.3.1/thumb/v6-m/nofp\libgcc.a(_muldi3.o)
                0x08000260                __muldi3
                0x08000260                __aeabi_lmul
 .text          0x080002bc      0x198 c:/progra~2/gnuarm~1/102021~1.10/bin/../lib/gcc/arm-none-eabi/10.3.1/thumb/v6-m/nofp\libgcc.a(_udivmoddi4.o)
                0x080002bc                __udivmoddi4
 .text          0x08000454       0x3c c:/progra~2/gnuarm~1/102021~1.10/bin/../lib/gcc/arm-none-eabi/10.3.1/thumb/v6-m/nofp\libgcc.a(_clzsi2.o)
                0x08000454                __clzsi2
 .text          0x08000490       0x18 c:/progra~2/gnuarm~1/102021~1.10/bin/../lib/gcc/arm-none-eabi/10.3.1/thumb/v6-m/nofp\libgcc.a(_clzdi2.o)
                0x08000490                __clzdi2
 *(.text*)
 .text.entropy_delay
                0x080004a8       0x16 CMakeFiles/L051MAX77857.elf.dir/Core/Src/EntropyI2C.c.obj
 .text.entropy_set_OD
                0x080004be       0x38 CMakeFiles/L051MAX77857.elf.dir/Core/Src/EntropyI2C.c.obj
                0x080004be                entropy_set_OD
 .text.entropy_gpio_read
                0x080004f6       0x12 CMakeFiles/L051MAX77857.elf.dir/Core/Src/EntropyI2C.c.obj
                0x080004f6                entropy_gpio_read
 .text.entropy_get_i2c_port
                0x08000508       0x5e CMakeFiles/L051MAX77857.elf.dir/Core/Src/EntropyI2C.c.obj
                0x08000508                entropy_get_i2c_port
 .text.entropy_set_low
                0x08000566       0x18 CMakeFiles/L051MAX77857.elf.dir/Core/Src/EntropyI2C.c.obj
                0x08000566                entropy_set_low
 .text.entropy_set_high
                0x0800057e       0x14 CMakeFiles/L051MAX77857.elf.dir/Core/Src/EntropyI2C.c.obj
                0x0800057e                entropy_set_high
 .text.entropy_start
                0x08000592       0x36 CMakeFiles/L051MAX77857.elf.dir/Core/Src/EntropyI2C.c.obj
                0x08000592                entropy_start
 .text.entropy_stop
                0x080005c8       0x22 CMakeFiles/L051MAX77857.elf.dir/Core/Src/EntropyI2C.c.obj
                0x080005c8                entropy_stop
 .text.entropy_ack
                0x080005ea       0x36 CMakeFiles/L051MAX77857.elf.dir/Core/Src/EntropyI2C.c.obj
                0x080005ea                entropy_ack
 .text.entropy_nack
                0x08000620       0x2e CMakeFiles/L051MAX77857.elf.dir/Core/Src/EntropyI2C.c.obj
                0x08000620                entropy_nack
 .text.entropy_read_byte
                0x0800064e       0x48 CMakeFiles/L051MAX77857.elf.dir/Core/Src/EntropyI2C.c.obj
                0x0800064e                entropy_read_byte
 .text.entropy_write_byte
                0x08000696       0x5e CMakeFiles/L051MAX77857.elf.dir/Core/Src/EntropyI2C.c.obj
                0x08000696                entropy_write_byte
 .text.entropy_wait
                0x080006f4       0x4c CMakeFiles/L051MAX77857.elf.dir/Core/Src/EntropyI2C.c.obj
                0x080006f4                entropy_wait
 .text.entropy_read
                0x08000740       0x66 CMakeFiles/L051MAX77857.elf.dir/Core/Src/EntropyI2C.c.obj
                0x08000740                entropy_read
 .text.entropy_write_register
                0x080007a6       0x5e CMakeFiles/L051MAX77857.elf.dir/Core/Src/EntropyI2C.c.obj
                0x080007a6                entropy_write_register
 .text.entropy_read_register
                0x08000804       0x40 CMakeFiles/L051MAX77857.elf.dir/Core/Src/EntropyI2C.c.obj
                0x08000804                entropy_read_register
 .text.UI_Init  0x08000844       0x12 CMakeFiles/L051MAX77857.elf.dir/Core/Src/UI.c.obj
                0x08000844                UI_Init
 *fill*         0x08000856        0x2 
 .text.UI_render_UI
                0x08000858      0x134 CMakeFiles/L051MAX77857.elf.dir/Core/Src/UI.c.obj
                0x08000858                UI_render_UI
 .text.UI_update_voltage
                0x0800098c       0x12 CMakeFiles/L051MAX77857.elf.dir/Core/Src/UI.c.obj
                0x0800098c                UI_update_voltage
 .text.UI_switch_power
                0x0800099e        0xa CMakeFiles/L051MAX77857.elf.dir/Core/Src/UI.c.obj
                0x0800099e                UI_switch_power
 .text.UI_switch_lock
                0x080009a8        0xa CMakeFiles/L051MAX77857.elf.dir/Core/Src/UI.c.obj
                0x080009a8                UI_switch_lock
 *fill*         0x080009b2        0x2 
 .text.MX_GPIO_Init
                0x080009b4       0xfc CMakeFiles/L051MAX77857.elf.dir/Core/Src/main.c.obj
 .text.HAL_TIM_IC_CaptureCallback
                0x08000ab0       0x78 CMakeFiles/L051MAX77857.elf.dir/Core/Src/main.c.obj
                0x08000ab0                HAL_TIM_IC_CaptureCallback
 .text.sync_with_max77857
                0x08000b28       0x84 CMakeFiles/L051MAX77857.elf.dir/Core/Src/main.c.obj
                0x08000b28                sync_with_max77857
 .text.Error_Handler
                0x08000bac        0x4 CMakeFiles/L051MAX77857.elf.dir/Core/Src/main.c.obj
                0x08000bac                Error_Handler
 .text.MX_TIM2_Init
                0x08000bb0       0x80 CMakeFiles/L051MAX77857.elf.dir/Core/Src/main.c.obj
 .text.SystemClock_Config
                0x08000c30       0x80 CMakeFiles/L051MAX77857.elf.dir/Core/Src/main.c.obj
                0x08000c30                SystemClock_Config
 .text.main     0x08000cb0      0x158 CMakeFiles/L051MAX77857.elf.dir/Core/Src/main.c.obj
                0x08000cb0                main
 .text.HAL_MspInit
                0x08000e08       0x1c CMakeFiles/L051MAX77857.elf.dir/Core/Src/stm32l0xx_hal_msp.c.obj
                0x08000e08                HAL_MspInit
 .text.HAL_TIM_IC_MspInit
                0x08000e24       0x60 CMakeFiles/L051MAX77857.elf.dir/Core/Src/stm32l0xx_hal_msp.c.obj
                0x08000e24                HAL_TIM_IC_MspInit
 .text.NMI_Handler
                0x08000e84        0x2 CMakeFiles/L051MAX77857.elf.dir/Core/Src/stm32l0xx_it.c.obj
                0x08000e84                NMI_Handler
 .text.HardFault_Handler
                0x08000e86        0x2 CMakeFiles/L051MAX77857.elf.dir/Core/Src/stm32l0xx_it.c.obj
                0x08000e86                HardFault_Handler
 .text.SVC_Handler
                0x08000e88        0x2 CMakeFiles/L051MAX77857.elf.dir/Core/Src/stm32l0xx_it.c.obj
                0x08000e88                SVC_Handler
 .text.PendSV_Handler
                0x08000e8a        0x2 CMakeFiles/L051MAX77857.elf.dir/Core/Src/stm32l0xx_it.c.obj
                0x08000e8a                PendSV_Handler
 .text.SysTick_Handler
                0x08000e8c        0x8 CMakeFiles/L051MAX77857.elf.dir/Core/Src/stm32l0xx_it.c.obj
                0x08000e8c                SysTick_Handler
 .text.TIM2_IRQHandler
                0x08000e94       0x10 CMakeFiles/L051MAX77857.elf.dir/Core/Src/stm32l0xx_it.c.obj
                0x08000e94                TIM2_IRQHandler
 .text.SystemInit
                0x08000ea4        0x2 CMakeFiles/L051MAX77857.elf.dir/Core/Src/system_stm32l0xx.c.obj
                0x08000ea4                SystemInit
 .text.u8g2_send_tile_row
                0x08000ea6       0x20 CMakeFiles/L051MAX77857.elf.dir/Core/Src/u8g2/u8g2_buffer.c.obj
 .text.u8g2_send_buffer
                0x08000ec6       0x38 CMakeFiles/L051MAX77857.elf.dir/Core/Src/u8g2/u8g2_buffer.c.obj
 .text.u8g2_ClearBuffer
                0x08000efe       0x18 CMakeFiles/L051MAX77857.elf.dir/Core/Src/u8g2/u8g2_buffer.c.obj
                0x08000efe                u8g2_ClearBuffer
 .text.u8g2_SendBuffer
                0x08000f16       0x10 CMakeFiles/L051MAX77857.elf.dir/Core/Src/u8g2/u8g2_buffer.c.obj
                0x08000f16                u8g2_SendBuffer
 *fill*         0x08000f26        0x2 
 .text.u8g2_m_16_8_f
                0x08000f28        0xc CMakeFiles/L051MAX77857.elf.dir/Core/Src/u8g2/u8g2_d_memory.c.obj
                0x08000f28                u8g2_m_16_8_f
 .text.u8g2_Setup_ssd1306_i2c_128x64_noname_f
                0x08000f34       0x3c CMakeFiles/L051MAX77857.elf.dir/Core/Src/u8g2/u8g2_d_setup.c.obj
                0x08000f34                u8g2_Setup_ssd1306_i2c_128x64_noname_f
 .text.u8g2_font_get_byte
                0x08000f70        0x4 CMakeFiles/L051MAX77857.elf.dir/Core/Src/u8g2/u8g2_font.c.obj
 .text.u8g2_font_get_word
                0x08000f74        0xe CMakeFiles/L051MAX77857.elf.dir/Core/Src/u8g2/u8g2_font.c.obj
 .text.u8g2_font_calc_vref_font
                0x08000f82        0x4 CMakeFiles/L051MAX77857.elf.dir/Core/Src/u8g2/u8g2_font.c.obj
                0x08000f82                u8g2_font_calc_vref_font
 .text.u8g2_read_font_info
                0x08000f86       0xd0 CMakeFiles/L051MAX77857.elf.dir/Core/Src/u8g2/u8g2_font.c.obj
                0x08000f86                u8g2_read_font_info
 .text.u8g2_font_decode_get_unsigned_bits
                0x08001056       0x38 CMakeFiles/L051MAX77857.elf.dir/Core/Src/u8g2/u8g2_font.c.obj
                0x08001056                u8g2_font_decode_get_unsigned_bits
 .text.u8g2_font_setup_decode
                0x0800108e       0x34 CMakeFiles/L051MAX77857.elf.dir/Core/Src/u8g2/u8g2_font.c.obj
 .text.u8g2_font_decode_get_signed_bits
                0x080010c2       0x16 CMakeFiles/L051MAX77857.elf.dir/Core/Src/u8g2/u8g2_font.c.obj
                0x080010c2                u8g2_font_decode_get_signed_bits
 .text.u8g2_add_vector_y
                0x080010d8       0x24 CMakeFiles/L051MAX77857.elf.dir/Core/Src/u8g2/u8g2_font.c.obj
                0x080010d8                u8g2_add_vector_y
 .text.u8g2_add_vector_x
                0x080010fc       0x24 CMakeFiles/L051MAX77857.elf.dir/Core/Src/u8g2/u8g2_font.c.obj
                0x080010fc                u8g2_add_vector_x
 .text.u8g2_font_decode_len
                0x08001120       0xe8 CMakeFiles/L051MAX77857.elf.dir/Core/Src/u8g2/u8g2_font.c.obj
                0x08001120                u8g2_font_decode_len
 .text.u8g2_font_decode_glyph
                0x08001208      0x170 CMakeFiles/L051MAX77857.elf.dir/Core/Src/u8g2/u8g2_font.c.obj
                0x08001208                u8g2_font_decode_glyph
 .text.u8g2_font_get_glyph_data
                0x08001378       0x76 CMakeFiles/L051MAX77857.elf.dir/Core/Src/u8g2/u8g2_font.c.obj
                0x08001378                u8g2_font_get_glyph_data
 .text.u8g2_font_draw_glyph
                0x080013ee       0x26 CMakeFiles/L051MAX77857.elf.dir/Core/Src/u8g2/u8g2_font.c.obj
 .text.u8g2_SetFontMode
                0x08001414        0x6 CMakeFiles/L051MAX77857.elf.dir/Core/Src/u8g2/u8g2_font.c.obj
                0x08001414                u8g2_SetFontMode
 .text.u8g2_DrawGlyph
                0x0800141a       0x5c CMakeFiles/L051MAX77857.elf.dir/Core/Src/u8g2/u8g2_font.c.obj
                0x0800141a                u8g2_DrawGlyph
 *fill*         0x08001476        0x2 
 .text.u8g2_draw_string
                0x08001478       0x7c CMakeFiles/L051MAX77857.elf.dir/Core/Src/u8g2/u8g2_font.c.obj
 .text.u8g2_DrawStr
                0x080014f4       0x10 CMakeFiles/L051MAX77857.elf.dir/Core/Src/u8g2/u8g2_font.c.obj
                0x080014f4                u8g2_DrawStr
 .text.u8g2_UpdateRefHeight
                0x08001504       0x60 CMakeFiles/L051MAX77857.elf.dir/Core/Src/u8g2/u8g2_font.c.obj
                0x08001504                u8g2_UpdateRefHeight
 .text.u8g2_SetFontPosBaseline
                0x08001564        0xc CMakeFiles/L051MAX77857.elf.dir/Core/Src/u8g2/u8g2_font.c.obj
                0x08001564                u8g2_SetFontPosBaseline
 .text.u8g2_SetFont
                0x08001570       0x1a CMakeFiles/L051MAX77857.elf.dir/Core/Src/u8g2/u8g2_font.c.obj
                0x08001570                u8g2_SetFont
 .text.u8g2_SetFontDirection
                0x0800158a        0x6 CMakeFiles/L051MAX77857.elf.dir/Core/Src/u8g2/u8g2_font.c.obj
                0x0800158a                u8g2_SetFontDirection
 .text.u8g2_clip_intersection2
                0x08001590       0x40 CMakeFiles/L051MAX77857.elf.dir/Core/Src/u8g2/u8g2_hvline.c.obj
 .text.u8g2_draw_hv_line_2dir
                0x080015d0       0x18 CMakeFiles/L051MAX77857.elf.dir/Core/Src/u8g2/u8g2_hvline.c.obj
                0x080015d0                u8g2_draw_hv_line_2dir
 .text.u8g2_DrawHVLine
                0x080015e8       0xd4 CMakeFiles/L051MAX77857.elf.dir/Core/Src/u8g2/u8g2_hvline.c.obj
                0x080015e8                u8g2_DrawHVLine
 .text.u8g2_DrawPixel
                0x080016bc       0x34 CMakeFiles/L051MAX77857.elf.dir/Core/Src/u8g2/u8g2_hvline.c.obj
                0x080016bc                u8g2_DrawPixel
 .text.u8g2_is_intersection_decision_tree
                0x080016f0       0x2c CMakeFiles/L051MAX77857.elf.dir/Core/Src/u8g2/u8g2_intersection.c.obj
                0x080016f0                u8g2_is_intersection_decision_tree
 .text.u8g2_IsIntersection
                0x0800171c       0x2e CMakeFiles/L051MAX77857.elf.dir/Core/Src/u8g2/u8g2_intersection.c.obj
                0x0800171c                u8g2_IsIntersection
 *fill*         0x0800174a        0x2 
 .text.u8g2_DrawLine
                0x0800174c       0xe0 CMakeFiles/L051MAX77857.elf.dir/Core/Src/u8g2/u8g2_line.c.obj
                0x0800174c                u8g2_DrawLine
 .text.u8g2_ll_hvline_vertical_top_lsb
                0x0800182c       0xa4 CMakeFiles/L051MAX77857.elf.dir/Core/Src/u8g2/u8g2_ll_hvline.c.obj
                0x0800182c                u8g2_ll_hvline_vertical_top_lsb
 .text.u8g2_update_dimension_common
                0x080018d0       0x48 CMakeFiles/L051MAX77857.elf.dir/Core/Src/u8g2/u8g2_setup.c.obj
 .text.u8g2_update_dimension_r0
                0x08001918        0x8 CMakeFiles/L051MAX77857.elf.dir/Core/Src/u8g2/u8g2_setup.c.obj
                0x08001918                u8g2_update_dimension_r0
 .text.u8g2_apply_clip_window
                0x08001920       0x74 CMakeFiles/L051MAX77857.elf.dir/Core/Src/u8g2/u8g2_setup.c.obj
 .text.u8g2_update_page_win_r0
                0x08001994       0x26 CMakeFiles/L051MAX77857.elf.dir/Core/Src/u8g2/u8g2_setup.c.obj
                0x08001994                u8g2_update_page_win_r0
 .text.u8g2_draw_l90_r0
                0x080019ba       0x12 CMakeFiles/L051MAX77857.elf.dir/Core/Src/u8g2/u8g2_setup.c.obj
                0x080019ba                u8g2_draw_l90_r0
 .text.u8g2_SetMaxClipWindow
                0x080019cc       0x1e CMakeFiles/L051MAX77857.elf.dir/Core/Src/u8g2/u8g2_setup.c.obj
                0x080019cc                u8g2_SetMaxClipWindow
 .text.u8g2_SetupBuffer
                0x080019ea       0x46 CMakeFiles/L051MAX77857.elf.dir/Core/Src/u8g2/u8g2_setup.c.obj
                0x080019ea                u8g2_SetupBuffer
 .text.u8x8_ascii_next
                0x08001a30       0x18 CMakeFiles/L051MAX77857.elf.dir/Core/Src/u8g2/u8x8_8x8.c.obj
                0x08001a30                u8x8_ascii_next
 .text.u8x8_utf8_init
                0x08001a48        0x8 CMakeFiles/L051MAX77857.elf.dir/Core/Src/u8g2/u8x8_8x8.c.obj
                0x08001a48                u8x8_utf8_init
 .text.i2c_delay
                0x08001a50        0xe CMakeFiles/L051MAX77857.elf.dir/Core/Src/u8g2/u8x8_byte.c.obj
 .text.i2c_init
                0x08001a5e       0x1e CMakeFiles/L051MAX77857.elf.dir/Core/Src/u8g2/u8x8_byte.c.obj
 .text.i2c_read_scl_and_delay
                0x08001a7c       0x14 CMakeFiles/L051MAX77857.elf.dir/Core/Src/u8g2/u8x8_byte.c.obj
 .text.i2c_read_sda
                0x08001a90        0xc CMakeFiles/L051MAX77857.elf.dir/Core/Src/u8g2/u8x8_byte.c.obj
 .text.i2c_clear_sda
                0x08001a9c        0xc CMakeFiles/L051MAX77857.elf.dir/Core/Src/u8g2/u8x8_byte.c.obj
 .text.i2c_stop
                0x08001aa8       0x28 CMakeFiles/L051MAX77857.elf.dir/Core/Src/u8g2/u8x8_byte.c.obj
 .text.i2c_clear_scl
                0x08001ad0        0xc CMakeFiles/L051MAX77857.elf.dir/Core/Src/u8g2/u8x8_byte.c.obj
 .text.i2c_start
                0x08001adc       0x3e CMakeFiles/L051MAX77857.elf.dir/Core/Src/u8g2/u8x8_byte.c.obj
 .text.i2c_write_bit
                0x08001b1a       0x26 CMakeFiles/L051MAX77857.elf.dir/Core/Src/u8g2/u8x8_byte.c.obj
 .text.i2c_read_bit
                0x08001b40       0x28 CMakeFiles/L051MAX77857.elf.dir/Core/Src/u8g2/u8x8_byte.c.obj
 .text.i2c_write_byte
                0x08001b68       0x5c CMakeFiles/L051MAX77857.elf.dir/Core/Src/u8g2/u8x8_byte.c.obj
 .text.u8x8_byte_SendBytes
                0x08001bc4        0xe CMakeFiles/L051MAX77857.elf.dir/Core/Src/u8g2/u8x8_byte.c.obj
                0x08001bc4                u8x8_byte_SendBytes
 .text.u8x8_byte_SendByte
                0x08001bd2       0x14 CMakeFiles/L051MAX77857.elf.dir/Core/Src/u8g2/u8x8_byte.c.obj
                0x08001bd2                u8x8_byte_SendByte
 .text.u8x8_byte_StartTransfer
                0x08001be6        0xe CMakeFiles/L051MAX77857.elf.dir/Core/Src/u8g2/u8x8_byte.c.obj
                0x08001be6                u8x8_byte_StartTransfer
 .text.u8x8_byte_EndTransfer
                0x08001bf4        0xe CMakeFiles/L051MAX77857.elf.dir/Core/Src/u8g2/u8x8_byte.c.obj
                0x08001bf4                u8x8_byte_EndTransfer
 *fill*         0x08001c02        0x2 
 .text.u8x8_byte_sw_i2c
                0x08001c04       0x5c CMakeFiles/L051MAX77857.elf.dir/Core/Src/u8g2/u8x8_byte.c.obj
                0x08001c04                u8x8_byte_sw_i2c
 .text.u8x8_i2c_data_transfer
                0x08001c60       0x28 CMakeFiles/L051MAX77857.elf.dir/Core/Src/u8g2/u8x8_cad.c.obj
 .text.u8x8_cad_SendCmd
                0x08001c88        0xe CMakeFiles/L051MAX77857.elf.dir/Core/Src/u8g2/u8x8_cad.c.obj
                0x08001c88                u8x8_cad_SendCmd
 .text.u8x8_cad_SendArg
                0x08001c96        0xe CMakeFiles/L051MAX77857.elf.dir/Core/Src/u8g2/u8x8_cad.c.obj
                0x08001c96                u8x8_cad_SendArg
 .text.u8x8_cad_SendData
                0x08001ca4        0xe CMakeFiles/L051MAX77857.elf.dir/Core/Src/u8g2/u8x8_cad.c.obj
                0x08001ca4                u8x8_cad_SendData
 .text.u8x8_cad_StartTransfer
                0x08001cb2        0xe CMakeFiles/L051MAX77857.elf.dir/Core/Src/u8g2/u8x8_cad.c.obj
                0x08001cb2                u8x8_cad_StartTransfer
 .text.u8x8_cad_EndTransfer
                0x08001cc0        0xe CMakeFiles/L051MAX77857.elf.dir/Core/Src/u8g2/u8x8_cad.c.obj
                0x08001cc0                u8x8_cad_EndTransfer
 .text.u8x8_cad_SendSequence
                0x08001cce       0x6e CMakeFiles/L051MAX77857.elf.dir/Core/Src/u8g2/u8x8_cad.c.obj
                0x08001cce                u8x8_cad_SendSequence
 .text.u8x8_cad_ssd13xx_fast_i2c
                0x08001d3c       0xd4 CMakeFiles/L051MAX77857.elf.dir/Core/Src/u8g2/u8x8_cad.c.obj
                0x08001d3c                u8x8_cad_ssd13xx_fast_i2c
 .text.u8x8_d_ssd1306_sh1106_generic
                0x08001e10       0xf4 CMakeFiles/L051MAX77857.elf.dir/Core/Src/u8g2/u8x8_d_ssd1306_128x64_noname.c.obj
 .text.u8x8_d_ssd1306_128x64_noname
                0x08001f04       0x40 CMakeFiles/L051MAX77857.elf.dir/Core/Src/u8g2/u8x8_d_ssd1306_128x64_noname.c.obj
                0x08001f04                u8x8_d_ssd1306_128x64_noname
 .text.u8x8_d_helper_display_setup_memory
                0x08001f44        0xa CMakeFiles/L051MAX77857.elf.dir/Core/Src/u8g2/u8x8_display.c.obj
                0x08001f44                u8x8_d_helper_display_setup_memory
 .text.u8x8_d_helper_display_init
                0x08001f4e       0x5e CMakeFiles/L051MAX77857.elf.dir/Core/Src/u8g2/u8x8_display.c.obj
                0x08001f4e                u8x8_d_helper_display_init
 .text.u8x8_DrawTile
                0x08001fac       0x1e CMakeFiles/L051MAX77857.elf.dir/Core/Src/u8g2/u8x8_display.c.obj
                0x08001fac                u8x8_DrawTile
 .text.u8x8_SetupMemory
                0x08001fca        0xe CMakeFiles/L051MAX77857.elf.dir/Core/Src/u8g2/u8x8_display.c.obj
                0x08001fca                u8x8_SetupMemory
 .text.u8x8_InitDisplay
                0x08001fd8        0xe CMakeFiles/L051MAX77857.elf.dir/Core/Src/u8g2/u8x8_display.c.obj
                0x08001fd8                u8x8_InitDisplay
 .text.u8x8_SetPowerSave
                0x08001fe6        0xe CMakeFiles/L051MAX77857.elf.dir/Core/Src/u8g2/u8x8_display.c.obj
                0x08001fe6                u8x8_SetPowerSave
 .text.u8x8_RefreshDisplay
                0x08001ff4        0xe CMakeFiles/L051MAX77857.elf.dir/Core/Src/u8g2/u8x8_display.c.obj
                0x08001ff4                u8x8_RefreshDisplay
 .text.u8x8_gpio_call
                0x08002002        0xa CMakeFiles/L051MAX77857.elf.dir/Core/Src/u8g2/u8x8_gpio.c.obj
                0x08002002                u8x8_gpio_call
 .text.u8x8_dummy_cb
                0x0800200c        0x4 CMakeFiles/L051MAX77857.elf.dir/Core/Src/u8g2/u8x8_setup.c.obj
                0x0800200c                u8x8_dummy_cb
 .text.u8x8_SetupDefaults
                0x08002010       0x28 CMakeFiles/L051MAX77857.elf.dir/Core/Src/u8g2/u8x8_setup.c.obj
                0x08002010                u8x8_SetupDefaults
 .text.u8x8_Setup
                0x08002038       0x20 CMakeFiles/L051MAX77857.elf.dir/Core/Src/u8g2/u8x8_setup.c.obj
                0x08002038                u8x8_Setup
 .text.entropy_u8x8_gpio_and_delay
                0x08002058       0xb4 CMakeFiles/L051MAX77857.elf.dir/Core/Src/u8g2_stm32.c.obj
                0x08002058                entropy_u8x8_gpio_and_delay
 .text.u8g2Init
                0x0800210c       0x30 CMakeFiles/L051MAX77857.elf.dir/Core/Src/u8g2_stm32.c.obj
                0x0800210c                u8g2Init
 .text.Reset_Handler
                0x0800213c       0x50 CMakeFiles/L051MAX77857.elf.dir/Core/Startup/startup_stm32l051c8tx.s.obj
                0x0800213c                Reset_Handler
 .text.Default_Handler
                0x0800218c        0x2 CMakeFiles/L051MAX77857.elf.dir/Core/Startup/startup_stm32l051c8tx.s.obj
                0x0800218c                ADC1_COMP_IRQHandler
                0x0800218c                TIM6_IRQHandler
                0x0800218c                PVD_IRQHandler
                0x0800218c                I2C1_IRQHandler
                0x0800218c                SPI1_IRQHandler
                0x0800218c                EXTI2_3_IRQHandler
                0x0800218c                I2C2_IRQHandler
                0x0800218c                RTC_IRQHandler
                0x0800218c                DMA1_Channel4_5_6_7_IRQHandler
                0x0800218c                EXTI4_15_IRQHandler
                0x0800218c                RCC_IRQHandler
                0x0800218c                DMA1_Channel1_IRQHandler
                0x0800218c                Default_Handler
                0x0800218c                TIM22_IRQHandler
                0x0800218c                EXTI0_1_IRQHandler
                0x0800218c                SPI2_IRQHandler
                0x0800218c                TIM21_IRQHandler
                0x0800218c                WWDG_IRQHandler
                0x0800218c                LPUART1_IRQHandler
                0x0800218c                DMA1_Channel2_3_IRQHandler
                0x0800218c                USART2_IRQHandler
                0x0800218c                FLASH_IRQHandler
                0x0800218c                USART1_IRQHandler
                0x0800218c                LPTIM1_IRQHandler
 *fill*         0x0800218e        0x2 
 .text.HAL_InitTick
                0x08002190       0x50 CMakeFiles/L051MAX77857.elf.dir/Drivers/STM32L0xx_HAL_Driver/Src/stm32l0xx_hal.c.obj
                0x08002190                HAL_InitTick
 .text.HAL_Init
                0x080021e0       0x28 CMakeFiles/L051MAX77857.elf.dir/Drivers/STM32L0xx_HAL_Driver/Src/stm32l0xx_hal.c.obj
                0x080021e0                HAL_Init
 .text.HAL_IncTick
                0x08002208       0x18 CMakeFiles/L051MAX77857.elf.dir/Drivers/STM32L0xx_HAL_Driver/Src/stm32l0xx_hal.c.obj
                0x08002208                HAL_IncTick
 .text.HAL_GetTick
                0x08002220        0xc CMakeFiles/L051MAX77857.elf.dir/Drivers/STM32L0xx_HAL_Driver/Src/stm32l0xx_hal.c.obj
                0x08002220                HAL_GetTick
 .text.HAL_Delay
                0x0800222c       0x24 CMakeFiles/L051MAX77857.elf.dir/Drivers/STM32L0xx_HAL_Driver/Src/stm32l0xx_hal.c.obj
                0x0800222c                HAL_Delay
 .text.HAL_NVIC_SetPriority
                0x08002250       0x60 CMakeFiles/L051MAX77857.elf.dir/Drivers/STM32L0xx_HAL_Driver/Src/stm32l0xx_hal_cortex.c.obj
                0x08002250                HAL_NVIC_SetPriority
 .text.HAL_NVIC_EnableIRQ
                0x080022b0       0x18 CMakeFiles/L051MAX77857.elf.dir/Drivers/STM32L0xx_HAL_Driver/Src/stm32l0xx_hal_cortex.c.obj
                0x080022b0                HAL_NVIC_EnableIRQ
 .text.HAL_SYSTICK_Config
                0x080022c8       0x38 CMakeFiles/L051MAX77857.elf.dir/Drivers/STM32L0xx_HAL_Driver/Src/stm32l0xx_hal_cortex.c.obj
                0x080022c8                HAL_SYSTICK_Config
 .text.HAL_GPIO_Init
                0x08002300      0x190 CMakeFiles/L051MAX77857.elf.dir/Drivers/STM32L0xx_HAL_Driver/Src/stm32l0xx_hal_gpio.c.obj
                0x08002300                HAL_GPIO_Init
 .text.HAL_GPIO_ReadPin
                0x08002490        0xe CMakeFiles/L051MAX77857.elf.dir/Drivers/STM32L0xx_HAL_Driver/Src/stm32l0xx_hal_gpio.c.obj
                0x08002490                HAL_GPIO_ReadPin
 .text.HAL_GPIO_WritePin
                0x0800249e        0xc CMakeFiles/L051MAX77857.elf.dir/Drivers/STM32L0xx_HAL_Driver/Src/stm32l0xx_hal_gpio.c.obj
                0x0800249e                HAL_GPIO_WritePin
 *fill*         0x080024aa        0x2 
 .text.HAL_RCC_GetSysClockFreq
                0x080024ac       0xac CMakeFiles/L051MAX77857.elf.dir/Drivers/STM32L0xx_HAL_Driver/Src/stm32l0xx_hal_rcc.c.obj
                0x080024ac                HAL_RCC_GetSysClockFreq
 .text.HAL_RCC_OscConfig
                0x08002558      0x50c CMakeFiles/L051MAX77857.elf.dir/Drivers/STM32L0xx_HAL_Driver/Src/stm32l0xx_hal_rcc.c.obj
                0x08002558                HAL_RCC_OscConfig
 .text.HAL_RCC_ClockConfig
                0x08002a64      0x1d8 CMakeFiles/L051MAX77857.elf.dir/Drivers/STM32L0xx_HAL_Driver/Src/stm32l0xx_hal_rcc.c.obj
                0x08002a64                HAL_RCC_ClockConfig
 .text.TIM_Base_SetConfig
                0x08002c3c       0x60 CMakeFiles/L051MAX77857.elf.dir/Drivers/STM32L0xx_HAL_Driver/Src/stm32l0xx_hal_tim.c.obj
 .text.TIM_TI1_SetConfig
                0x08002c9c       0x54 CMakeFiles/L051MAX77857.elf.dir/Drivers/STM32L0xx_HAL_Driver/Src/stm32l0xx_hal_tim.c.obj
 .text.TIM_TI2_SetConfig
                0x08002cf0       0x38 CMakeFiles/L051MAX77857.elf.dir/Drivers/STM32L0xx_HAL_Driver/Src/stm32l0xx_hal_tim.c.obj
 .text.TIM_TI3_SetConfig
                0x08002d28       0x3c CMakeFiles/L051MAX77857.elf.dir/Drivers/STM32L0xx_HAL_Driver/Src/stm32l0xx_hal_tim.c.obj
 .text.TIM_TI4_SetConfig
                0x08002d64       0x44 CMakeFiles/L051MAX77857.elf.dir/Drivers/STM32L0xx_HAL_Driver/Src/stm32l0xx_hal_tim.c.obj
 .text.TIM_CCxChannelCmd
                0x08002da8       0x1a CMakeFiles/L051MAX77857.elf.dir/Drivers/STM32L0xx_HAL_Driver/Src/stm32l0xx_hal_tim.c.obj
 .text.HAL_TIM_IC_Init
                0x08002dc2       0x48 CMakeFiles/L051MAX77857.elf.dir/Drivers/STM32L0xx_HAL_Driver/Src/stm32l0xx_hal_tim.c.obj
                0x08002dc2                HAL_TIM_IC_Init
 *fill*         0x08002e0a        0x2 
 .text.HAL_TIM_IC_Start_IT
                0x08002e0c       0xec CMakeFiles/L051MAX77857.elf.dir/Drivers/STM32L0xx_HAL_Driver/Src/stm32l0xx_hal_tim.c.obj
                0x08002e0c                HAL_TIM_IC_Start_IT
 .text.HAL_TIM_IC_ConfigChannel
                0x08002ef8       0xcc CMakeFiles/L051MAX77857.elf.dir/Drivers/STM32L0xx_HAL_Driver/Src/stm32l0xx_hal_tim.c.obj
                0x08002ef8                HAL_TIM_IC_ConfigChannel
 .text.HAL_TIM_PeriodElapsedCallback
                0x08002fc4        0x2 CMakeFiles/L051MAX77857.elf.dir/Drivers/STM32L0xx_HAL_Driver/Src/stm32l0xx_hal_tim.c.obj
                0x08002fc4                HAL_TIM_PeriodElapsedCallback
 .text.HAL_TIM_OC_DelayElapsedCallback
                0x08002fc6        0x2 CMakeFiles/L051MAX77857.elf.dir/Drivers/STM32L0xx_HAL_Driver/Src/stm32l0xx_hal_tim.c.obj
                0x08002fc6                HAL_TIM_OC_DelayElapsedCallback
 .text.HAL_TIM_PWM_PulseFinishedCallback
                0x08002fc8        0x2 CMakeFiles/L051MAX77857.elf.dir/Drivers/STM32L0xx_HAL_Driver/Src/stm32l0xx_hal_tim.c.obj
                0x08002fc8                HAL_TIM_PWM_PulseFinishedCallback
 .text.HAL_TIM_TriggerCallback
                0x08002fca        0x2 CMakeFiles/L051MAX77857.elf.dir/Drivers/STM32L0xx_HAL_Driver/Src/stm32l0xx_hal_tim.c.obj
                0x08002fca                HAL_TIM_TriggerCallback
 .text.HAL_TIM_IRQHandler
                0x08002fcc      0x122 CMakeFiles/L051MAX77857.elf.dir/Drivers/STM32L0xx_HAL_Driver/Src/stm32l0xx_hal_tim.c.obj
                0x08002fcc                HAL_TIM_IRQHandler
 *fill*         0x080030ee        0x2 
 .text.HAL_TIMEx_MasterConfigSynchronization
                0x080030f0       0x64 CMakeFiles/L051MAX77857.elf.dir/Drivers/STM32L0xx_HAL_Driver/Src/stm32l0xx_hal_tim_ex.c.obj
                0x080030f0                HAL_TIMEx_MasterConfigSynchronization
 .text.__libc_init_array
                0x08003154       0x44 c:/progra~2/gnuarm~1/102021~1.10/bin/../lib/gcc/arm-none-eabi/10.3.1/../../../../arm-none-eabi/lib/thumb/v6-m/nofp\libg.a(lib_a-init.o)
                0x08003154                __libc_init_array
 .text.memset   0x08003198       0xa8 c:/progra~2/gnuarm~1/102021~1.10/bin/../lib/gcc/arm-none-eabi/10.3.1/../../../../arm-none-eabi/lib/thumb/v6-m/nofp\libg.a(lib_a-memset.o)
                0x08003198                memset
 .text.startup.register_fini
                0x08003240       0x18 c:/progra~2/gnuarm~1/102021~1.10/bin/../lib/gcc/arm-none-eabi/10.3.1/../../../../arm-none-eabi/lib/thumb/v6-m/nofp\libg.a(lib_a-__call_atexit.o)
 .text.atexit   0x08003258       0x10 c:/progra~2/gnuarm~1/102021~1.10/bin/../lib/gcc/arm-none-eabi/10.3.1/../../../../arm-none-eabi/lib/thumb/v6-m/nofp\libg.a(lib_a-atexit.o)
                0x08003258                atexit
 .text.__libc_fini_array
                0x08003268       0x28 c:/progra~2/gnuarm~1/102021~1.10/bin/../lib/gcc/arm-none-eabi/10.3.1/../../../../arm-none-eabi/lib/thumb/v6-m/nofp\libg.a(lib_a-fini.o)
                0x08003268                __libc_fini_array
 .text.__retarget_lock_acquire_recursive
                0x08003290        0x4 c:/progra~2/gnuarm~1/102021~1.10/bin/../lib/gcc/arm-none-eabi/10.3.1/../../../../arm-none-eabi/lib/thumb/v6-m/nofp\libg.a(lib_a-lock.o)
                0x08003290                __retarget_lock_acquire_recursive
 .text.__retarget_lock_release_recursive
                0x08003294        0x4 c:/progra~2/gnuarm~1/102021~1.10/bin/../lib/gcc/arm-none-eabi/10.3.1/../../../../arm-none-eabi/lib/thumb/v6-m/nofp\libg.a(lib_a-lock.o)
                0x08003294                __retarget_lock_release_recursive
 .text.__register_exitproc
                0x08003298       0xac c:/progra~2/gnuarm~1/102021~1.10/bin/../lib/gcc/arm-none-eabi/10.3.1/../../../../arm-none-eabi/lib/thumb/v6-m/nofp\libg.a(lib_a-__atexit.o)
                0x08003298                __register_exitproc
 *(.glue_7)
 .glue_7        0x08003344        0x0 linker stubs
 *(.glue_7t)
 .glue_7t       0x08003344        0x0 linker stubs
 *(.eh_frame)
 .eh_frame      0x08003344        0x0 c:/progra~2/gnuarm~1/102021~1.10/bin/../lib/gcc/arm-none-eabi/10.3.1/thumb/v6-m/nofp/crtbegin.o
 *(.init)
 .init          0x08003344        0x4 c:/progra~2/gnuarm~1/102021~1.10/bin/../lib/gcc/arm-none-eabi/10.3.1/thumb/v6-m/nofp/crti.o
                0x08003344                _init
 .init          0x08003348        0x8 c:/progra~2/gnuarm~1/102021~1.10/bin/../lib/gcc/arm-none-eabi/10.3.1/thumb/v6-m/nofp/crtn.o
 *(.fini)
 .fini          0x08003350        0x4 c:/progra~2/gnuarm~1/102021~1.10/bin/../lib/gcc/arm-none-eabi/10.3.1/thumb/v6-m/nofp/crti.o
                0x08003350                _fini
 .fini          0x08003354        0x8 c:/progra~2/gnuarm~1/102021~1.10/bin/../lib/gcc/arm-none-eabi/10.3.1/thumb/v6-m/nofp/crtn.o
                0x0800335c                . = ALIGN (0x4)
                0x0800335c                _etext = .

.vfp11_veneer   0x0800335c        0x0
 .vfp11_veneer  0x0800335c        0x0 linker stubs

.v4_bx          0x0800335c        0x0
 .v4_bx         0x0800335c        0x0 linker stubs

.iplt           0x0800335c        0x0
 .iplt          0x0800335c        0x0 c:/progra~2/gnuarm~1/102021~1.10/bin/../lib/gcc/arm-none-eabi/10.3.1/thumb/v6-m/nofp/crtbegin.o

.rodata         0x0800335c     0x621c
                0x0800335c                . = ALIGN (0x4)
 *(.rodata)
 *(.rodata*)
 .rodata.UI_render_UI.str1.4
                0x0800335c       0x21 CMakeFiles/L051MAX77857.elf.dir/Core/Src/UI.c.obj
 *fill*         0x0800337d        0x3 
 .rodata.AHBPrescTable
                0x08003380       0x10 CMakeFiles/L051MAX77857.elf.dir/Core/Src/system_stm32l0xx.c.obj
                0x08003380                AHBPrescTable
 .rodata.PLLMulTable
                0x08003390        0x9 CMakeFiles/L051MAX77857.elf.dir/Core/Src/system_stm32l0xx.c.obj
                0x08003390                PLLMulTable
 *fill*         0x08003399        0x3 
 .rodata.u8g2_font_ncenB08_tf
                0x0800339c      0x9a1 CMakeFiles/L051MAX77857.elf.dir/Core/Src/u8g2/u8g2_fonts.c.obj
                0x0800339c                u8g2_font_ncenB08_tf
 *fill*         0x08003d3d        0x3 
 .rodata.u8g2_font_ncenB24_te
                0x08003d40     0x56c0 CMakeFiles/L051MAX77857.elf.dir/Core/Src/u8g2/u8g2_fonts.c.obj
                0x08003d40                u8g2_font_ncenB24_te
 .rodata.u8g2_cb_r0
                0x08009400        0xc CMakeFiles/L051MAX77857.elf.dir/Core/Src/u8g2/u8g2_setup.c.obj
                0x08009400                u8g2_cb_r0
 .rodata.u8x8_byte_sw_i2c
                0x0800940c       0x34 CMakeFiles/L051MAX77857.elf.dir/Core/Src/u8g2/u8x8_byte.c.obj
 .rodata.u8x8_cad_ssd13xx_fast_i2c
                0x08009440       0x18 CMakeFiles/L051MAX77857.elf.dir/Core/Src/u8g2/u8x8_cad.c.obj
 .rodata.u8x8_d_ssd1306_128x64_noname_flip0_seq
                0x08009458        0x7 CMakeFiles/L051MAX77857.elf.dir/Core/Src/u8g2/u8x8_d_ssd1306_128x64_noname.c.obj
 *fill*         0x0800945f        0x1 
 .rodata.u8x8_d_ssd1306_128x64_noname_flip1_seq
                0x08009460        0x7 CMakeFiles/L051MAX77857.elf.dir/Core/Src/u8g2/u8x8_d_ssd1306_128x64_noname.c.obj
 *fill*         0x08009467        0x1 
 .rodata.u8x8_d_ssd1306_128x64_noname_init_seq
                0x08009468       0x35 CMakeFiles/L051MAX77857.elf.dir/Core/Src/u8g2/u8x8_d_ssd1306_128x64_noname.c.obj
 *fill*         0x0800949d        0x3 
 .rodata.u8x8_d_ssd1306_128x64_noname_powersave0_seq
                0x080094a0        0x5 CMakeFiles/L051MAX77857.elf.dir/Core/Src/u8g2/u8x8_d_ssd1306_128x64_noname.c.obj
 *fill*         0x080094a5        0x3 
 .rodata.u8x8_d_ssd1306_128x64_noname_powersave1_seq
                0x080094a8        0x5 CMakeFiles/L051MAX77857.elf.dir/Core/Src/u8g2/u8x8_d_ssd1306_128x64_noname.c.obj
 *fill*         0x080094ad        0x3 
 .rodata.u8x8_ssd1306_128x64_noname_display_info
                0x080094b0       0x18 CMakeFiles/L051MAX77857.elf.dir/Core/Src/u8g2/u8x8_d_ssd1306_128x64_noname.c.obj
 .rodata.entropy_u8x8_gpio_and_delay
                0x080094c8       0xac CMakeFiles/L051MAX77857.elf.dir/Core/Src/u8g2_stm32.c.obj
 .rodata._global_impure_ptr
                0x08009574        0x4 c:/progra~2/gnuarm~1/102021~1.10/bin/../lib/gcc/arm-none-eabi/10.3.1/../../../../arm-none-eabi/lib/thumb/v6-m/nofp\libg.a(lib_a-impure.o)
                0x08009574                _global_impure_ptr
                0x08009578                . = ALIGN (0x4)

.ARM.extab      0x08009578        0x0
                0x08009578                . = ALIGN (0x4)
 *(.ARM.extab* .gnu.linkonce.armextab.*)
                0x08009578                . = ALIGN (0x4)

.ARM            0x08009578        0x8
                0x08009578                . = ALIGN (0x4)
                0x08009578                __exidx_start = .
 *(.ARM.exidx*)
 .ARM.exidx     0x08009578        0x8 c:/progra~2/gnuarm~1/102021~1.10/bin/../lib/gcc/arm-none-eabi/10.3.1/thumb/v6-m/nofp\libgcc.a(_udivmoddi4.o)
                0x08009580                __exidx_end = .
                0x08009580                . = ALIGN (0x4)

.rel.dyn        0x08009580        0x0
 .rel.iplt      0x08009580        0x0 c:/progra~2/gnuarm~1/102021~1.10/bin/../lib/gcc/arm-none-eabi/10.3.1/thumb/v6-m/nofp/crtbegin.o

.preinit_array  0x08009580        0x0
                0x08009580                . = ALIGN (0x4)
                0x08009580                PROVIDE (__preinit_array_start = .)
 *(.preinit_array*)
                0x08009580                PROVIDE (__preinit_array_end = .)
                0x08009580                . = ALIGN (0x4)

.init_array     0x08009580        0x8
                0x08009580                . = ALIGN (0x4)
                0x08009580                PROVIDE (__init_array_start = .)
 *(SORT_BY_NAME(.init_array.*))
 .init_array.00000
                0x08009580        0x4 c:/progra~2/gnuarm~1/102021~1.10/bin/../lib/gcc/arm-none-eabi/10.3.1/../../../../arm-none-eabi/lib/thumb/v6-m/nofp\libg.a(lib_a-__call_atexit.o)
 *(.init_array*)
 .init_array    0x08009584        0x4 c:/progra~2/gnuarm~1/102021~1.10/bin/../lib/gcc/arm-none-eabi/10.3.1/thumb/v6-m/nofp/crtbegin.o
                0x08009588                PROVIDE (__init_array_end = .)
                0x08009588                . = ALIGN (0x4)

.fini_array     0x08009588        0x4
                0x08009588                . = ALIGN (0x4)
                0x08009588                PROVIDE (__fini_array_start = .)
 *(SORT_BY_NAME(.fini_array.*))
 *(.fini_array*)
 .fini_array    0x08009588        0x4 c:/progra~2/gnuarm~1/102021~1.10/bin/../lib/gcc/arm-none-eabi/10.3.1/thumb/v6-m/nofp/crtbegin.o
                0x0800958c                PROVIDE (__fini_array_end = .)
                0x0800958c                . = ALIGN (0x4)
                0x0800958c                _sidata = LOADADDR (.data)

.data           0x20000000      0x43c load address 0x0800958c
                0x20000000                . = ALIGN (0x4)
                0x20000000                _sdata = .
 *(.data)
 *(.data*)
 .data.SystemCoreClock
                0x20000000        0x4 CMakeFiles/L051MAX77857.elf.dir/Core/Src/system_stm32l0xx.c.obj
                0x20000000                SystemCoreClock
 .data.uwTickFreq
                0x20000004        0x1 CMakeFiles/L051MAX77857.elf.dir/Drivers/STM32L0xx_HAL_Driver/Src/stm32l0xx_hal.c.obj
                0x20000004                uwTickFreq
 *fill*         0x20000005        0x3 
 .data.uwTickPrio
                0x20000008        0x4 CMakeFiles/L051MAX77857.elf.dir/Drivers/STM32L0xx_HAL_Driver/Src/stm32l0xx_hal.c.obj
                0x20000008                uwTickPrio
 *fill*         0x2000000c        0x4 
 .data.impure_data
                0x20000010      0x428 c:/progra~2/gnuarm~1/102021~1.10/bin/../lib/gcc/arm-none-eabi/10.3.1/../../../../arm-none-eabi/lib/thumb/v6-m/nofp\libg.a(lib_a-impure.o)
 .data.__atexit_recursive_mutex
                0x20000438        0x4 c:/progra~2/gnuarm~1/102021~1.10/bin/../lib/gcc/arm-none-eabi/10.3.1/../../../../arm-none-eabi/lib/thumb/v6-m/nofp\libg.a(lib_a-__call_atexit.o)
                0x20000438                __atexit_recursive_mutex
 *(.RamFunc)
 *(.RamFunc*)
                0x2000043c                . = ALIGN (0x4)
                0x2000043c                _edata = .

.igot.plt       0x2000043c        0x0 load address 0x080099c8
 .igot.plt      0x2000043c        0x0 c:/progra~2/gnuarm~1/102021~1.10/bin/../lib/gcc/arm-none-eabi/10.3.1/thumb/v6-m/nofp/crtbegin.o
                0x2000043c                . = ALIGN (0x4)

.bss            0x2000043c      0x520 load address 0x080099c8
                0x2000043c                _sbss = .
                0x2000043c                __bss_start__ = _sbss
 *(.bss)
 .bss           0x2000043c       0x1c c:/progra~2/gnuarm~1/102021~1.10/bin/../lib/gcc/arm-none-eabi/10.3.1/thumb/v6-m/nofp/crtbegin.o
 *(.bss*)
 .bss.buffer    0x20000458        0xa CMakeFiles/L051MAX77857.elf.dir/Core/Src/UI.c.obj
                0x20000458                buffer
 .bss.EC11_state
                0x20000462        0x1 CMakeFiles/L051MAX77857.elf.dir/Core/Src/main.c.obj
                0x20000462                EC11_state
 *fill*         0x20000463        0x1 
 .bss.htim2     0x20000464       0x40 CMakeFiles/L051MAX77857.elf.dir/Core/Src/main.c.obj
                0x20000464                htim2
 .bss.i2c_port  0x200004a4       0x10 CMakeFiles/L051MAX77857.elf.dir/Core/Src/main.c.obj
                0x200004a4                i2c_port
 .bss.u8g2      0x200004b4       0x94 CMakeFiles/L051MAX77857.elf.dir/Core/Src/main.c.obj
                0x200004b4                u8g2
 .bss.ui        0x20000548        0x8 CMakeFiles/L051MAX77857.elf.dir/Core/Src/main.c.obj
                0x20000548                ui
 .bss.buf.0     0x20000550      0x400 CMakeFiles/L051MAX77857.elf.dir/Core/Src/u8g2/u8g2_d_memory.c.obj
 .bss.in_transfer.5
                0x20000950        0x1 CMakeFiles/L051MAX77857.elf.dir/Core/Src/u8g2/u8x8_cad.c.obj
 *fill*         0x20000951        0x3 
 .bss.uwTick    0x20000954        0x4 CMakeFiles/L051MAX77857.elf.dir/Drivers/STM32L0xx_HAL_Driver/Src/stm32l0xx_hal.c.obj
                0x20000954                uwTick
 .bss.__lock___atexit_recursive_mutex
                0x20000958        0x1 c:/progra~2/gnuarm~1/102021~1.10/bin/../lib/gcc/arm-none-eabi/10.3.1/../../../../arm-none-eabi/lib/thumb/v6-m/nofp\libg.a(lib_a-lock.o)
                0x20000958                __lock___atexit_recursive_mutex
 *(COMMON)
                0x2000095c                . = ALIGN (0x4)
 *fill*         0x20000959        0x3 
                0x2000095c                _ebss = .
                0x2000095c                __bss_end__ = _ebss

._user_heap_stack
                0x2000095c      0x604 load address 0x080099c8
                0x20000960                . = ALIGN (0x8)
 *fill*         0x2000095c        0x4 
                [!provide]                PROVIDE (end = .)
                0x20000960                PROVIDE (_end = .)
                0x20000b60                . = (. + _Min_Heap_Size)
 *fill*         0x20000960      0x200 
                0x20000f60                . = (. + _Min_Stack_Size)
 *fill*         0x20000b60      0x400 
                0x20000f60                . = ALIGN (0x8)

/DISCARD/
 libc.a(*)
 libm.a(*)
 libgcc.a(*)

.ARM.attributes
                0x00000000       0x28
 *(.ARM.attributes)
 .ARM.attributes
                0x00000000       0x1e c:/progra~2/gnuarm~1/102021~1.10/bin/../lib/gcc/arm-none-eabi/10.3.1/thumb/v6-m/nofp/crti.o
 .ARM.attributes
                0x0000001e       0x2c c:/progra~2/gnuarm~1/102021~1.10/bin/../lib/gcc/arm-none-eabi/10.3.1/thumb/v6-m/nofp/crtbegin.o
 .ARM.attributes
                0x0000004a       0x2c CMakeFiles/L051MAX77857.elf.dir/Core/Src/EntropyI2C.c.obj
 .ARM.attributes
                0x00000076       0x2c CMakeFiles/L051MAX77857.elf.dir/Core/Src/UI.c.obj
 .ARM.attributes
                0x000000a2       0x2c CMakeFiles/L051MAX77857.elf.dir/Core/Src/main.c.obj
 .ARM.attributes
                0x000000ce       0x2c CMakeFiles/L051MAX77857.elf.dir/Core/Src/stm32l0xx_hal_msp.c.obj
 .ARM.attributes
                0x000000fa       0x2c CMakeFiles/L051MAX77857.elf.dir/Core/Src/stm32l0xx_it.c.obj
 .ARM.attributes
                0x00000126       0x2c CMakeFiles/L051MAX77857.elf.dir/Core/Src/system_stm32l0xx.c.obj
 .ARM.attributes
                0x00000152       0x2c CMakeFiles/L051MAX77857.elf.dir/Core/Src/u8g2/u8g2_buffer.c.obj
 .ARM.attributes
                0x0000017e       0x2c CMakeFiles/L051MAX77857.elf.dir/Core/Src/u8g2/u8g2_d_memory.c.obj
 .ARM.attributes
                0x000001aa       0x2c CMakeFiles/L051MAX77857.elf.dir/Core/Src/u8g2/u8g2_d_setup.c.obj
 .ARM.attributes
                0x000001d6       0x2c CMakeFiles/L051MAX77857.elf.dir/Core/Src/u8g2/u8g2_font.c.obj
 .ARM.attributes
                0x00000202       0x2c CMakeFiles/L051MAX77857.elf.dir/Core/Src/u8g2/u8g2_fonts.c.obj
 .ARM.attributes
                0x0000022e       0x2c CMakeFiles/L051MAX77857.elf.dir/Core/Src/u8g2/u8g2_hvline.c.obj
 .ARM.attributes
                0x0000025a       0x2c CMakeFiles/L051MAX77857.elf.dir/Core/Src/u8g2/u8g2_intersection.c.obj
 .ARM.attributes
                0x00000286       0x2c CMakeFiles/L051MAX77857.elf.dir/Core/Src/u8g2/u8g2_line.c.obj
 .ARM.attributes
                0x000002b2       0x2c CMakeFiles/L051MAX77857.elf.dir/Core/Src/u8g2/u8g2_ll_hvline.c.obj
 .ARM.attributes
                0x000002de       0x2c CMakeFiles/L051MAX77857.elf.dir/Core/Src/u8g2/u8g2_setup.c.obj
 .ARM.attributes
                0x0000030a       0x2c CMakeFiles/L051MAX77857.elf.dir/Core/Src/u8g2/u8x8_8x8.c.obj
 .ARM.attributes
                0x00000336       0x2c CMakeFiles/L051MAX77857.elf.dir/Core/Src/u8g2/u8x8_byte.c.obj
 .ARM.attributes
                0x00000362       0x2c CMakeFiles/L051MAX77857.elf.dir/Core/Src/u8g2/u8x8_cad.c.obj
 .ARM.attributes
                0x0000038e       0x2c CMakeFiles/L051MAX77857.elf.dir/Core/Src/u8g2/u8x8_d_ssd1306_128x64_noname.c.obj
 .ARM.attributes
                0x000003ba       0x2c CMakeFiles/L051MAX77857.elf.dir/Core/Src/u8g2/u8x8_display.c.obj
 .ARM.attributes
                0x000003e6       0x2c CMakeFiles/L051MAX77857.elf.dir/Core/Src/u8g2/u8x8_gpio.c.obj
 .ARM.attributes
                0x00000412       0x2c CMakeFiles/L051MAX77857.elf.dir/Core/Src/u8g2/u8x8_setup.c.obj
 .ARM.attributes
                0x0000043e       0x2c CMakeFiles/L051MAX77857.elf.dir/Core/Src/u8g2_stm32.c.obj
 .ARM.attributes
                0x0000046a       0x22 CMakeFiles/L051MAX77857.elf.dir/Core/Startup/startup_stm32l051c8tx.s.obj
 .ARM.attributes
                0x0000048c       0x2c CMakeFiles/L051MAX77857.elf.dir/Drivers/STM32L0xx_HAL_Driver/Src/stm32l0xx_hal.c.obj
 .ARM.attributes
                0x000004b8       0x2c CMakeFiles/L051MAX77857.elf.dir/Drivers/STM32L0xx_HAL_Driver/Src/stm32l0xx_hal_cortex.c.obj
 .ARM.attributes
                0x000004e4       0x2c CMakeFiles/L051MAX77857.elf.dir/Drivers/STM32L0xx_HAL_Driver/Src/stm32l0xx_hal_gpio.c.obj
 .ARM.attributes
                0x00000510       0x2c CMakeFiles/L051MAX77857.elf.dir/Drivers/STM32L0xx_HAL_Driver/Src/stm32l0xx_hal_rcc.c.obj
 .ARM.attributes
                0x0000053c       0x2c CMakeFiles/L051MAX77857.elf.dir/Drivers/STM32L0xx_HAL_Driver/Src/stm32l0xx_hal_tim.c.obj
 .ARM.attributes
                0x00000568       0x2c CMakeFiles/L051MAX77857.elf.dir/Drivers/STM32L0xx_HAL_Driver/Src/stm32l0xx_hal_tim_ex.c.obj
 .ARM.attributes
                0x00000594       0x1e c:/progra~2/gnuarm~1/102021~1.10/bin/../lib/gcc/arm-none-eabi/10.3.1/thumb/v6-m/nofp\libgcc.a(_udivsi3.o)
 .ARM.attributes
                0x000005b2       0x1e c:/progra~2/gnuarm~1/102021~1.10/bin/../lib/gcc/arm-none-eabi/10.3.1/thumb/v6-m/nofp\libgcc.a(_dvmd_tls.o)
 .ARM.attributes
                0x000005d0       0x1e c:/progra~2/gnuarm~1/102021~1.10/bin/../lib/gcc/arm-none-eabi/10.3.1/thumb/v6-m/nofp\libgcc.a(_aeabi_uldivmod.o)
 .ARM.attributes
                0x000005ee       0x2c c:/progra~2/gnuarm~1/102021~1.10/bin/../lib/gcc/arm-none-eabi/10.3.1/thumb/v6-m/nofp\libgcc.a(_muldi3.o)
 .ARM.attributes
                0x0000061a       0x2c c:/progra~2/gnuarm~1/102021~1.10/bin/../lib/gcc/arm-none-eabi/10.3.1/thumb/v6-m/nofp\libgcc.a(_udivmoddi4.o)
 .ARM.attributes
                0x00000646       0x1e c:/progra~2/gnuarm~1/102021~1.10/bin/../lib/gcc/arm-none-eabi/10.3.1/thumb/v6-m/nofp\libgcc.a(_clzsi2.o)
 .ARM.attributes
                0x00000664       0x1e c:/progra~2/gnuarm~1/102021~1.10/bin/../lib/gcc/arm-none-eabi/10.3.1/thumb/v6-m/nofp\libgcc.a(_clzdi2.o)
 .ARM.attributes
                0x00000682       0x2c c:/progra~2/gnuarm~1/102021~1.10/bin/../lib/gcc/arm-none-eabi/10.3.1/../../../../arm-none-eabi/lib/thumb/v6-m/nofp\libg.a(lib_a-impure.o)
 .ARM.attributes
                0x000006ae       0x2c c:/progra~2/gnuarm~1/102021~1.10/bin/../lib/gcc/arm-none-eabi/10.3.1/../../../../arm-none-eabi/lib/thumb/v6-m/nofp\libg.a(lib_a-init.o)
 .ARM.attributes
                0x000006da       0x2c c:/progra~2/gnuarm~1/102021~1.10/bin/../lib/gcc/arm-none-eabi/10.3.1/../../../../arm-none-eabi/lib/thumb/v6-m/nofp\libg.a(lib_a-memset.o)
 .ARM.attributes
                0x00000706       0x2c c:/progra~2/gnuarm~1/102021~1.10/bin/../lib/gcc/arm-none-eabi/10.3.1/../../../../arm-none-eabi/lib/thumb/v6-m/nofp\libg.a(lib_a-__call_atexit.o)
 .ARM.attributes
                0x00000732       0x2c c:/progra~2/gnuarm~1/102021~1.10/bin/../lib/gcc/arm-none-eabi/10.3.1/../../../../arm-none-eabi/lib/thumb/v6-m/nofp\libg.a(lib_a-atexit.o)
 .ARM.attributes
                0x0000075e       0x2c c:/progra~2/gnuarm~1/102021~1.10/bin/../lib/gcc/arm-none-eabi/10.3.1/../../../../arm-none-eabi/lib/thumb/v6-m/nofp\libg.a(lib_a-fini.o)
 .ARM.attributes
                0x0000078a       0x2c c:/progra~2/gnuarm~1/102021~1.10/bin/../lib/gcc/arm-none-eabi/10.3.1/../../../../arm-none-eabi/lib/thumb/v6-m/nofp\libg.a(lib_a-lock.o)
 .ARM.attributes
                0x000007b6       0x2c c:/progra~2/gnuarm~1/102021~1.10/bin/../lib/gcc/arm-none-eabi/10.3.1/../../../../arm-none-eabi/lib/thumb/v6-m/nofp\libg.a(lib_a-__atexit.o)
 .ARM.attributes
                0x000007e2       0x1e c:/progra~2/gnuarm~1/102021~1.10/bin/../lib/gcc/arm-none-eabi/10.3.1/thumb/v6-m/nofp/crtn.o
OUTPUT(L051MAX77857.elf elf32-littlearm)
LOAD linker stubs
LOAD c:/progra~2/gnuarm~1/102021~1.10/bin/../lib/gcc/arm-none-eabi/10.3.1/../../../../arm-none-eabi/lib/thumb/v6-m/nofp\libc.a
LOAD c:/progra~2/gnuarm~1/102021~1.10/bin/../lib/gcc/arm-none-eabi/10.3.1/../../../../arm-none-eabi/lib/thumb/v6-m/nofp\libm.a
LOAD c:/progra~2/gnuarm~1/102021~1.10/bin/../lib/gcc/arm-none-eabi/10.3.1/thumb/v6-m/nofp\libgcc.a

.debug_info     0x00000000    0x3251c
 .debug_info    0x00000000      0xee4 CMakeFiles/L051MAX77857.elf.dir/Core/Src/EntropyI2C.c.obj
 .debug_info    0x00000ee4      0xd2e CMakeFiles/L051MAX77857.elf.dir/Core/Src/UI.c.obj
 .debug_info    0x00001c12     0x1c3d CMakeFiles/L051MAX77857.elf.dir/Core/Src/main.c.obj
 .debug_info    0x0000384f      0xa7f CMakeFiles/L051MAX77857.elf.dir/Core/Src/stm32l0xx_hal_msp.c.obj
 .debug_info    0x000042ce      0x69a CMakeFiles/L051MAX77857.elf.dir/Core/Src/stm32l0xx_it.c.obj
 .debug_info    0x00004968      0x342 CMakeFiles/L051MAX77857.elf.dir/Core/Src/system_stm32l0xx.c.obj
 .debug_info    0x00004caa      0xe74 CMakeFiles/L051MAX77857.elf.dir/Core/Src/u8g2/u8g2_buffer.c.obj
 .debug_info    0x00005b1e       0xdf CMakeFiles/L051MAX77857.elf.dir/Core/Src/u8g2/u8g2_d_memory.c.obj
 .debug_info    0x00005bfd      0x943 CMakeFiles/L051MAX77857.elf.dir/Core/Src/u8g2/u8g2_d_setup.c.obj
 .debug_info    0x00006540     0x2a41 CMakeFiles/L051MAX77857.elf.dir/Core/Src/u8g2/u8g2_font.c.obj
 .debug_info    0x00008f81    0x17f9d CMakeFiles/L051MAX77857.elf.dir/Core/Src/u8g2/u8g2_fonts.c.obj
 .debug_info    0x00020f1e      0xbaa CMakeFiles/L051MAX77857.elf.dir/Core/Src/u8g2/u8g2_hvline.c.obj
 .debug_info    0x00021ac8      0x93c CMakeFiles/L051MAX77857.elf.dir/Core/Src/u8g2/u8g2_intersection.c.obj
 .debug_info    0x00022404      0x9ba CMakeFiles/L051MAX77857.elf.dir/Core/Src/u8g2/u8g2_line.c.obj
 .debug_info    0x00022dbe      0x9fe CMakeFiles/L051MAX77857.elf.dir/Core/Src/u8g2/u8g2_ll_hvline.c.obj
 .debug_info    0x000237bc     0x12dc CMakeFiles/L051MAX77857.elf.dir/Core/Src/u8g2/u8g2_setup.c.obj
 .debug_info    0x00024a98     0x122a CMakeFiles/L051MAX77857.elf.dir/Core/Src/u8g2/u8x8_8x8.c.obj
 .debug_info    0x00025cc2     0x18ce CMakeFiles/L051MAX77857.elf.dir/Core/Src/u8g2/u8x8_byte.c.obj
 .debug_info    0x00027590     0x1b0a CMakeFiles/L051MAX77857.elf.dir/Core/Src/u8g2/u8x8_cad.c.obj
 .debug_info    0x0002909a      0xd65 CMakeFiles/L051MAX77857.elf.dir/Core/Src/u8g2/u8x8_d_ssd1306_128x64_noname.c.obj
 .debug_info    0x00029dff      0x9ba CMakeFiles/L051MAX77857.elf.dir/Core/Src/u8g2/u8x8_display.c.obj
 .debug_info    0x0002a7b9      0x3d5 CMakeFiles/L051MAX77857.elf.dir/Core/Src/u8g2/u8x8_gpio.c.obj
 .debug_info    0x0002ab8e      0x54d CMakeFiles/L051MAX77857.elf.dir/Core/Src/u8g2/u8x8_setup.c.obj
 .debug_info    0x0002b0db      0xb5c CMakeFiles/L051MAX77857.elf.dir/Core/Src/u8g2_stm32.c.obj
 .debug_info    0x0002bc37       0x22 CMakeFiles/L051MAX77857.elf.dir/Core/Startup/startup_stm32l051c8tx.s.obj
 .debug_info    0x0002bc59      0x904 CMakeFiles/L051MAX77857.elf.dir/Drivers/STM32L0xx_HAL_Driver/Src/stm32l0xx_hal.c.obj
 .debug_info    0x0002c55d      0xa20 CMakeFiles/L051MAX77857.elf.dir/Drivers/STM32L0xx_HAL_Driver/Src/stm32l0xx_hal_cortex.c.obj
 .debug_info    0x0002cf7d      0x6de CMakeFiles/L051MAX77857.elf.dir/Drivers/STM32L0xx_HAL_Driver/Src/stm32l0xx_hal_gpio.c.obj
 .debug_info    0x0002d65b      0xc94 CMakeFiles/L051MAX77857.elf.dir/Drivers/STM32L0xx_HAL_Driver/Src/stm32l0xx_hal_rcc.c.obj
 .debug_info    0x0002e2ef     0x3b28 CMakeFiles/L051MAX77857.elf.dir/Drivers/STM32L0xx_HAL_Driver/Src/stm32l0xx_hal_tim.c.obj
 .debug_info    0x00031e17      0x705 CMakeFiles/L051MAX77857.elf.dir/Drivers/STM32L0xx_HAL_Driver/Src/stm32l0xx_hal_tim_ex.c.obj

.debug_abbrev   0x00000000     0x393b
 .debug_abbrev  0x00000000      0x233 CMakeFiles/L051MAX77857.elf.dir/Core/Src/EntropyI2C.c.obj
 .debug_abbrev  0x00000233      0x207 CMakeFiles/L051MAX77857.elf.dir/Core/Src/UI.c.obj
 .debug_abbrev  0x0000043a      0x33a CMakeFiles/L051MAX77857.elf.dir/Core/Src/main.c.obj
 .debug_abbrev  0x00000774      0x1ed CMakeFiles/L051MAX77857.elf.dir/Core/Src/stm32l0xx_hal_msp.c.obj
 .debug_abbrev  0x00000961      0x18a CMakeFiles/L051MAX77857.elf.dir/Core/Src/stm32l0xx_it.c.obj
 .debug_abbrev  0x00000aeb      0x131 CMakeFiles/L051MAX77857.elf.dir/Core/Src/system_stm32l0xx.c.obj
 .debug_abbrev  0x00000c1c      0x1da CMakeFiles/L051MAX77857.elf.dir/Core/Src/u8g2/u8g2_buffer.c.obj
 .debug_abbrev  0x00000df6       0x95 CMakeFiles/L051MAX77857.elf.dir/Core/Src/u8g2/u8g2_d_memory.c.obj
 .debug_abbrev  0x00000e8b      0x15b CMakeFiles/L051MAX77857.elf.dir/Core/Src/u8g2/u8g2_d_setup.c.obj
 .debug_abbrev  0x00000fe6      0x2f2 CMakeFiles/L051MAX77857.elf.dir/Core/Src/u8g2/u8g2_font.c.obj
 .debug_abbrev  0x000012d8       0xab CMakeFiles/L051MAX77857.elf.dir/Core/Src/u8g2/u8g2_fonts.c.obj
 .debug_abbrev  0x00001383      0x1a3 CMakeFiles/L051MAX77857.elf.dir/Core/Src/u8g2/u8g2_hvline.c.obj
 .debug_abbrev  0x00001526      0x166 CMakeFiles/L051MAX77857.elf.dir/Core/Src/u8g2/u8g2_intersection.c.obj
 .debug_abbrev  0x0000168c      0x181 CMakeFiles/L051MAX77857.elf.dir/Core/Src/u8g2/u8g2_line.c.obj
 .debug_abbrev  0x0000180d      0x152 CMakeFiles/L051MAX77857.elf.dir/Core/Src/u8g2/u8g2_ll_hvline.c.obj
 .debug_abbrev  0x0000195f      0x291 CMakeFiles/L051MAX77857.elf.dir/Core/Src/u8g2/u8g2_setup.c.obj
 .debug_abbrev  0x00001bf0      0x2a1 CMakeFiles/L051MAX77857.elf.dir/Core/Src/u8g2/u8x8_8x8.c.obj
 .debug_abbrev  0x00001e91      0x247 CMakeFiles/L051MAX77857.elf.dir/Core/Src/u8g2/u8x8_byte.c.obj
 .debug_abbrev  0x000020d8      0x288 CMakeFiles/L051MAX77857.elf.dir/Core/Src/u8g2/u8x8_cad.c.obj
 .debug_abbrev  0x00002360      0x1cb CMakeFiles/L051MAX77857.elf.dir/Core/Src/u8g2/u8x8_d_ssd1306_128x64_noname.c.obj
 .debug_abbrev  0x0000252b      0x1c3 CMakeFiles/L051MAX77857.elf.dir/Core/Src/u8g2/u8x8_display.c.obj
 .debug_abbrev  0x000026ee      0x100 CMakeFiles/L051MAX77857.elf.dir/Core/Src/u8g2/u8x8_gpio.c.obj
 .debug_abbrev  0x000027ee      0x17d CMakeFiles/L051MAX77857.elf.dir/Core/Src/u8g2/u8x8_setup.c.obj
 .debug_abbrev  0x0000296b      0x23e CMakeFiles/L051MAX77857.elf.dir/Core/Src/u8g2_stm32.c.obj
 .debug_abbrev  0x00002ba9       0x12 CMakeFiles/L051MAX77857.elf.dir/Core/Startup/startup_stm32l051c8tx.s.obj
 .debug_abbrev  0x00002bbb      0x27c CMakeFiles/L051MAX77857.elf.dir/Drivers/STM32L0xx_HAL_Driver/Src/stm32l0xx_hal.c.obj
 .debug_abbrev  0x00002e37      0x28a CMakeFiles/L051MAX77857.elf.dir/Drivers/STM32L0xx_HAL_Driver/Src/stm32l0xx_hal_cortex.c.obj
 .debug_abbrev  0x000030c1      0x1d5 CMakeFiles/L051MAX77857.elf.dir/Drivers/STM32L0xx_HAL_Driver/Src/stm32l0xx_hal_gpio.c.obj
 .debug_abbrev  0x00003296      0x29e CMakeFiles/L051MAX77857.elf.dir/Drivers/STM32L0xx_HAL_Driver/Src/stm32l0xx_hal_rcc.c.obj
 .debug_abbrev  0x00003534      0x243 CMakeFiles/L051MAX77857.elf.dir/Drivers/STM32L0xx_HAL_Driver/Src/stm32l0xx_hal_tim.c.obj
 .debug_abbrev  0x00003777      0x1c4 CMakeFiles/L051MAX77857.elf.dir/Drivers/STM32L0xx_HAL_Driver/Src/stm32l0xx_hal_tim_ex.c.obj

.debug_loc      0x00000000    0x11116
 .debug_loc     0x00000000      0x719 CMakeFiles/L051MAX77857.elf.dir/Core/Src/EntropyI2C.c.obj
 .debug_loc     0x00000719      0x15b CMakeFiles/L051MAX77857.elf.dir/Core/Src/UI.c.obj
 .debug_loc     0x00000874       0xf4 CMakeFiles/L051MAX77857.elf.dir/Core/Src/main.c.obj
 .debug_loc     0x00000968       0x81 CMakeFiles/L051MAX77857.elf.dir/Core/Src/stm32l0xx_hal_msp.c.obj
 .debug_loc     0x000009e9      0x1ef CMakeFiles/L051MAX77857.elf.dir/Core/Src/system_stm32l0xx.c.obj
 .debug_loc     0x00000bd8      0x5f6 CMakeFiles/L051MAX77857.elf.dir/Core/Src/u8g2/u8g2_buffer.c.obj
 .debug_loc     0x000011ce       0x25 CMakeFiles/L051MAX77857.elf.dir/Core/Src/u8g2/u8g2_d_memory.c.obj
 .debug_loc     0x000011f3       0xeb CMakeFiles/L051MAX77857.elf.dir/Core/Src/u8g2/u8g2_d_setup.c.obj
 .debug_loc     0x000012de     0x24c9 CMakeFiles/L051MAX77857.elf.dir/Core/Src/u8g2/u8g2_font.c.obj
 .debug_loc     0x000037a7      0x62a CMakeFiles/L051MAX77857.elf.dir/Core/Src/u8g2/u8g2_hvline.c.obj
 .debug_loc     0x00003dd1      0x189 CMakeFiles/L051MAX77857.elf.dir/Core/Src/u8g2/u8g2_intersection.c.obj
 .debug_loc     0x00003f5a      0x30c CMakeFiles/L051MAX77857.elf.dir/Core/Src/u8g2/u8g2_line.c.obj
 .debug_loc     0x00004266      0x42b CMakeFiles/L051MAX77857.elf.dir/Core/Src/u8g2/u8g2_ll_hvline.c.obj
 .debug_loc     0x00004691      0xdc7 CMakeFiles/L051MAX77857.elf.dir/Core/Src/u8g2/u8g2_setup.c.obj
 .debug_loc     0x00005458     0x1394 CMakeFiles/L051MAX77857.elf.dir/Core/Src/u8g2/u8x8_8x8.c.obj
 .debug_loc     0x000067ec     0x136a CMakeFiles/L051MAX77857.elf.dir/Core/Src/u8g2/u8x8_byte.c.obj
 .debug_loc     0x00007b56     0x217f CMakeFiles/L051MAX77857.elf.dir/Core/Src/u8g2/u8x8_cad.c.obj
 .debug_loc     0x00009cd5      0xa07 CMakeFiles/L051MAX77857.elf.dir/Core/Src/u8g2/u8x8_d_ssd1306_128x64_noname.c.obj
 .debug_loc     0x0000a6dc      0x38b CMakeFiles/L051MAX77857.elf.dir/Core/Src/u8g2/u8x8_display.c.obj
 .debug_loc     0x0000aa67       0x6f CMakeFiles/L051MAX77857.elf.dir/Core/Src/u8g2/u8x8_gpio.c.obj
 .debug_loc     0x0000aad6      0x269 CMakeFiles/L051MAX77857.elf.dir/Core/Src/u8g2/u8x8_setup.c.obj
 .debug_loc     0x0000ad3f      0x2be CMakeFiles/L051MAX77857.elf.dir/Core/Src/u8g2_stm32.c.obj
 .debug_loc     0x0000affd      0x172 CMakeFiles/L051MAX77857.elf.dir/Drivers/STM32L0xx_HAL_Driver/Src/stm32l0xx_hal.c.obj
 .debug_loc     0x0000b16f      0x458 CMakeFiles/L051MAX77857.elf.dir/Drivers/STM32L0xx_HAL_Driver/Src/stm32l0xx_hal_cortex.c.obj
 .debug_loc     0x0000b5c7      0x3c0 CMakeFiles/L051MAX77857.elf.dir/Drivers/STM32L0xx_HAL_Driver/Src/stm32l0xx_hal_gpio.c.obj
 .debug_loc     0x0000b987      0x734 CMakeFiles/L051MAX77857.elf.dir/Drivers/STM32L0xx_HAL_Driver/Src/stm32l0xx_hal_rcc.c.obj
 .debug_loc     0x0000c0bb     0x4fad CMakeFiles/L051MAX77857.elf.dir/Drivers/STM32L0xx_HAL_Driver/Src/stm32l0xx_hal_tim.c.obj
 .debug_loc     0x00011068       0xae CMakeFiles/L051MAX77857.elf.dir/Drivers/STM32L0xx_HAL_Driver/Src/stm32l0xx_hal_tim_ex.c.obj

.debug_aranges  0x00000000     0x1098
 .debug_aranges
                0x00000000       0xa8 CMakeFiles/L051MAX77857.elf.dir/Core/Src/EntropyI2C.c.obj
 .debug_aranges
                0x000000a8       0x60 CMakeFiles/L051MAX77857.elf.dir/Core/Src/UI.c.obj
 .debug_aranges
                0x00000108       0x50 CMakeFiles/L051MAX77857.elf.dir/Core/Src/main.c.obj
 .debug_aranges
                0x00000158       0x30 CMakeFiles/L051MAX77857.elf.dir/Core/Src/stm32l0xx_hal_msp.c.obj
 .debug_aranges
                0x00000188       0x48 CMakeFiles/L051MAX77857.elf.dir/Core/Src/stm32l0xx_it.c.obj
 .debug_aranges
                0x000001d0       0x28 CMakeFiles/L051MAX77857.elf.dir/Core/Src/system_stm32l0xx.c.obj
 .debug_aranges
                0x000001f8       0x80 CMakeFiles/L051MAX77857.elf.dir/Core/Src/u8g2/u8g2_buffer.c.obj
 .debug_aranges
                0x00000278       0x20 CMakeFiles/L051MAX77857.elf.dir/Core/Src/u8g2/u8g2_d_memory.c.obj
 .debug_aranges
                0x00000298       0x20 CMakeFiles/L051MAX77857.elf.dir/Core/Src/u8g2/u8g2_d_setup.c.obj
 .debug_aranges
                0x000002b8      0x1d0 CMakeFiles/L051MAX77857.elf.dir/Core/Src/u8g2/u8g2_font.c.obj
 .debug_aranges
                0x00000488       0x18 CMakeFiles/L051MAX77857.elf.dir/Core/Src/u8g2/u8g2_fonts.c.obj
 .debug_aranges
                0x000004a0       0x50 CMakeFiles/L051MAX77857.elf.dir/Core/Src/u8g2/u8g2_hvline.c.obj
 .debug_aranges
                0x000004f0       0x28 CMakeFiles/L051MAX77857.elf.dir/Core/Src/u8g2/u8g2_intersection.c.obj
 .debug_aranges
                0x00000518       0x20 CMakeFiles/L051MAX77857.elf.dir/Core/Src/u8g2/u8g2_line.c.obj
 .debug_aranges
                0x00000538       0x28 CMakeFiles/L051MAX77857.elf.dir/Core/Src/u8g2/u8g2_ll_hvline.c.obj
 .debug_aranges
                0x00000560       0xc8 CMakeFiles/L051MAX77857.elf.dir/Core/Src/u8g2/u8g2_setup.c.obj
 .debug_aranges
                0x00000628       0xc8 CMakeFiles/L051MAX77857.elf.dir/Core/Src/u8g2/u8x8_8x8.c.obj
 .debug_aranges
                0x000006f0       0xe0 CMakeFiles/L051MAX77857.elf.dir/Core/Src/u8g2/u8x8_byte.c.obj
 .debug_aranges
                0x000007d0       0xd0 CMakeFiles/L051MAX77857.elf.dir/Core/Src/u8g2/u8x8_cad.c.obj
 .debug_aranges
                0x000008a0       0x58 CMakeFiles/L051MAX77857.elf.dir/Core/Src/u8g2/u8x8_d_ssd1306_128x64_noname.c.obj
 .debug_aranges
                0x000008f8       0x88 CMakeFiles/L051MAX77857.elf.dir/Core/Src/u8g2/u8x8_display.c.obj
 .debug_aranges
                0x00000980       0x20 CMakeFiles/L051MAX77857.elf.dir/Core/Src/u8g2/u8x8_gpio.c.obj
 .debug_aranges
                0x000009a0       0x38 CMakeFiles/L051MAX77857.elf.dir/Core/Src/u8g2/u8x8_setup.c.obj
 .debug_aranges
                0x000009d8       0x28 CMakeFiles/L051MAX77857.elf.dir/Core/Src/u8g2_stm32.c.obj
 .debug_aranges
                0x00000a00       0x28 CMakeFiles/L051MAX77857.elf.dir/Core/Startup/startup_stm32l051c8tx.s.obj
 .debug_aranges
                0x00000a28      0x110 CMakeFiles/L051MAX77857.elf.dir/Drivers/STM32L0xx_HAL_Driver/Src/stm32l0xx_hal.c.obj
 .debug_aranges
                0x00000b38       0x90 CMakeFiles/L051MAX77857.elf.dir/Drivers/STM32L0xx_HAL_Driver/Src/stm32l0xx_hal_cortex.c.obj
 .debug_aranges
                0x00000bc8       0x58 CMakeFiles/L051MAX77857.elf.dir/Drivers/STM32L0xx_HAL_Driver/Src/stm32l0xx_hal_gpio.c.obj
 .debug_aranges
                0x00000c20       0x80 CMakeFiles/L051MAX77857.elf.dir/Drivers/STM32L0xx_HAL_Driver/Src/stm32l0xx_hal_rcc.c.obj
 .debug_aranges
                0x00000ca0      0x3d0 CMakeFiles/L051MAX77857.elf.dir/Drivers/STM32L0xx_HAL_Driver/Src/stm32l0xx_hal_tim.c.obj
 .debug_aranges
                0x00001070       0x28 CMakeFiles/L051MAX77857.elf.dir/Drivers/STM32L0xx_HAL_Driver/Src/stm32l0xx_hal_tim_ex.c.obj

.debug_ranges   0x00000000      0xf98
 .debug_ranges  0x00000000       0xb0 CMakeFiles/L051MAX77857.elf.dir/Core/Src/EntropyI2C.c.obj
 .debug_ranges  0x000000b0       0x68 CMakeFiles/L051MAX77857.elf.dir/Core/Src/UI.c.obj
 .debug_ranges  0x00000118       0x58 CMakeFiles/L051MAX77857.elf.dir/Core/Src/main.c.obj
 .debug_ranges  0x00000170       0x20 CMakeFiles/L051MAX77857.elf.dir/Core/Src/stm32l0xx_hal_msp.c.obj
 .debug_ranges  0x00000190       0x38 CMakeFiles/L051MAX77857.elf.dir/Core/Src/stm32l0xx_it.c.obj
 .debug_ranges  0x000001c8       0x18 CMakeFiles/L051MAX77857.elf.dir/Core/Src/system_stm32l0xx.c.obj
 .debug_ranges  0x000001e0       0x70 CMakeFiles/L051MAX77857.elf.dir/Core/Src/u8g2/u8g2_buffer.c.obj
 .debug_ranges  0x00000250       0x10 CMakeFiles/L051MAX77857.elf.dir/Core/Src/u8g2/u8g2_d_memory.c.obj
 .debug_ranges  0x00000260       0x10 CMakeFiles/L051MAX77857.elf.dir/Core/Src/u8g2/u8g2_d_setup.c.obj
 .debug_ranges  0x00000270      0x1d8 CMakeFiles/L051MAX77857.elf.dir/Core/Src/u8g2/u8g2_font.c.obj
 .debug_ranges  0x00000448       0x40 CMakeFiles/L051MAX77857.elf.dir/Core/Src/u8g2/u8g2_hvline.c.obj
 .debug_ranges  0x00000488       0x18 CMakeFiles/L051MAX77857.elf.dir/Core/Src/u8g2/u8g2_intersection.c.obj
 .debug_ranges  0x000004a0       0x10 CMakeFiles/L051MAX77857.elf.dir/Core/Src/u8g2/u8g2_line.c.obj
 .debug_ranges  0x000004b0       0x18 CMakeFiles/L051MAX77857.elf.dir/Core/Src/u8g2/u8g2_ll_hvline.c.obj
 .debug_ranges  0x000004c8       0xb8 CMakeFiles/L051MAX77857.elf.dir/Core/Src/u8g2/u8g2_setup.c.obj
 .debug_ranges  0x00000580       0xb8 CMakeFiles/L051MAX77857.elf.dir/Core/Src/u8g2/u8x8_8x8.c.obj
 .debug_ranges  0x00000638       0xd0 CMakeFiles/L051MAX77857.elf.dir/Core/Src/u8g2/u8x8_byte.c.obj
 .debug_ranges  0x00000708       0xc0 CMakeFiles/L051MAX77857.elf.dir/Core/Src/u8g2/u8x8_cad.c.obj
 .debug_ranges  0x000007c8       0x48 CMakeFiles/L051MAX77857.elf.dir/Core/Src/u8g2/u8x8_d_ssd1306_128x64_noname.c.obj
 .debug_ranges  0x00000810       0x78 CMakeFiles/L051MAX77857.elf.dir/Core/Src/u8g2/u8x8_display.c.obj
 .debug_ranges  0x00000888       0x10 CMakeFiles/L051MAX77857.elf.dir/Core/Src/u8g2/u8x8_gpio.c.obj
 .debug_ranges  0x00000898       0x28 CMakeFiles/L051MAX77857.elf.dir/Core/Src/u8g2/u8x8_setup.c.obj
 .debug_ranges  0x000008c0       0x18 CMakeFiles/L051MAX77857.elf.dir/Core/Src/u8g2_stm32.c.obj
 .debug_ranges  0x000008d8       0x20 CMakeFiles/L051MAX77857.elf.dir/Core/Startup/startup_stm32l051c8tx.s.obj
 .debug_ranges  0x000008f8      0x100 CMakeFiles/L051MAX77857.elf.dir/Drivers/STM32L0xx_HAL_Driver/Src/stm32l0xx_hal.c.obj
 .debug_ranges  0x000009f8       0xe0 CMakeFiles/L051MAX77857.elf.dir/Drivers/STM32L0xx_HAL_Driver/Src/stm32l0xx_hal_cortex.c.obj
 .debug_ranges  0x00000ad8       0x48 CMakeFiles/L051MAX77857.elf.dir/Drivers/STM32L0xx_HAL_Driver/Src/stm32l0xx_hal_gpio.c.obj
 .debug_ranges  0x00000b20       0xa0 CMakeFiles/L051MAX77857.elf.dir/Drivers/STM32L0xx_HAL_Driver/Src/stm32l0xx_hal_rcc.c.obj
 .debug_ranges  0x00000bc0      0x3c0 CMakeFiles/L051MAX77857.elf.dir/Drivers/STM32L0xx_HAL_Driver/Src/stm32l0xx_hal_tim.c.obj
 .debug_ranges  0x00000f80       0x18 CMakeFiles/L051MAX77857.elf.dir/Drivers/STM32L0xx_HAL_Driver/Src/stm32l0xx_hal_tim_ex.c.obj

.debug_line     0x00000000     0xe897
 .debug_line    0x00000000      0x800 CMakeFiles/L051MAX77857.elf.dir/Core/Src/EntropyI2C.c.obj
 .debug_line    0x00000800      0x3a2 CMakeFiles/L051MAX77857.elf.dir/Core/Src/UI.c.obj
 .debug_line    0x00000ba2      0x875 CMakeFiles/L051MAX77857.elf.dir/Core/Src/main.c.obj
 .debug_line    0x00001417      0x305 CMakeFiles/L051MAX77857.elf.dir/Core/Src/stm32l0xx_hal_msp.c.obj
 .debug_line    0x0000171c      0x2ce CMakeFiles/L051MAX77857.elf.dir/Core/Src/stm32l0xx_it.c.obj
 .debug_line    0x000019ea      0x2a6 CMakeFiles/L051MAX77857.elf.dir/Core/Src/system_stm32l0xx.c.obj
 .debug_line    0x00001c90      0x4be CMakeFiles/L051MAX77857.elf.dir/Core/Src/u8g2/u8g2_buffer.c.obj
 .debug_line    0x0000214e      0x130 CMakeFiles/L051MAX77857.elf.dir/Core/Src/u8g2/u8g2_d_memory.c.obj
 .debug_line    0x0000227e      0x193 CMakeFiles/L051MAX77857.elf.dir/Core/Src/u8g2/u8g2_d_setup.c.obj
 .debug_line    0x00002411     0x154e CMakeFiles/L051MAX77857.elf.dir/Core/Src/u8g2/u8g2_font.c.obj
 .debug_line    0x0000395f      0x15c CMakeFiles/L051MAX77857.elf.dir/Core/Src/u8g2/u8g2_fonts.c.obj
 .debug_line    0x00003abb      0x3b5 CMakeFiles/L051MAX77857.elf.dir/Core/Src/u8g2/u8g2_hvline.c.obj
 .debug_line    0x00003e70      0x1f8 CMakeFiles/L051MAX77857.elf.dir/Core/Src/u8g2/u8g2_intersection.c.obj
 .debug_line    0x00004068      0x293 CMakeFiles/L051MAX77857.elf.dir/Core/Src/u8g2/u8g2_line.c.obj
 .debug_line    0x000042fb      0x3af CMakeFiles/L051MAX77857.elf.dir/Core/Src/u8g2/u8g2_ll_hvline.c.obj
 .debug_line    0x000046aa      0x88b CMakeFiles/L051MAX77857.elf.dir/Core/Src/u8g2/u8g2_setup.c.obj
 .debug_line    0x00004f35      0xab5 CMakeFiles/L051MAX77857.elf.dir/Core/Src/u8g2/u8x8_8x8.c.obj
 .debug_line    0x000059ea      0xa0f CMakeFiles/L051MAX77857.elf.dir/Core/Src/u8g2/u8x8_byte.c.obj
 .debug_line    0x000063f9      0xcd4 CMakeFiles/L051MAX77857.elf.dir/Core/Src/u8g2/u8x8_cad.c.obj
 .debug_line    0x000070cd      0x490 CMakeFiles/L051MAX77857.elf.dir/Core/Src/u8g2/u8x8_d_ssd1306_128x64_noname.c.obj
 .debug_line    0x0000755d      0x3f0 CMakeFiles/L051MAX77857.elf.dir/Core/Src/u8g2/u8x8_display.c.obj
 .debug_line    0x0000794d      0x17c CMakeFiles/L051MAX77857.elf.dir/Core/Src/u8g2/u8x8_gpio.c.obj
 .debug_line    0x00007ac9      0x244 CMakeFiles/L051MAX77857.elf.dir/Core/Src/u8g2/u8x8_setup.c.obj
 .debug_line    0x00007d0d      0x35d CMakeFiles/L051MAX77857.elf.dir/Core/Src/u8g2_stm32.c.obj
 .debug_line    0x0000806a       0xbd CMakeFiles/L051MAX77857.elf.dir/Core/Startup/startup_stm32l051c8tx.s.obj
 .debug_line    0x00008127      0x6b0 CMakeFiles/L051MAX77857.elf.dir/Drivers/STM32L0xx_HAL_Driver/Src/stm32l0xx_hal.c.obj
 .debug_line    0x000087d7      0x719 CMakeFiles/L051MAX77857.elf.dir/Drivers/STM32L0xx_HAL_Driver/Src/stm32l0xx_hal_cortex.c.obj
 .debug_line    0x00008ef0      0x6d4 CMakeFiles/L051MAX77857.elf.dir/Drivers/STM32L0xx_HAL_Driver/Src/stm32l0xx_hal_gpio.c.obj
 .debug_line    0x000095c4      0xdb4 CMakeFiles/L051MAX77857.elf.dir/Drivers/STM32L0xx_HAL_Driver/Src/stm32l0xx_hal_rcc.c.obj
 .debug_line    0x0000a378     0x41b0 CMakeFiles/L051MAX77857.elf.dir/Drivers/STM32L0xx_HAL_Driver/Src/stm32l0xx_hal_tim.c.obj
 .debug_line    0x0000e528      0x36f CMakeFiles/L051MAX77857.elf.dir/Drivers/STM32L0xx_HAL_Driver/Src/stm32l0xx_hal_tim_ex.c.obj

.debug_str      0x00000000    0x1012c
 .debug_str     0x00000000      0x403 CMakeFiles/L051MAX77857.elf.dir/Core/Src/EntropyI2C.c.obj
                                0x486 (size before relaxing)
 .debug_str     0x00000403      0x800 CMakeFiles/L051MAX77857.elf.dir/Core/Src/UI.c.obj
                                0xa5f (size before relaxing)
 .debug_str     0x00000c03      0x8ec CMakeFiles/L051MAX77857.elf.dir/Core/Src/main.c.obj
                               0x13c1 (size before relaxing)
 .debug_str     0x000014ef      0x24f CMakeFiles/L051MAX77857.elf.dir/Core/Src/stm32l0xx_hal_msp.c.obj
                                0x9ed (size before relaxing)
 .debug_str     0x0000173e       0xc7 CMakeFiles/L051MAX77857.elf.dir/Core/Src/stm32l0xx_it.c.obj
                                0x72c (size before relaxing)
 .debug_str     0x00001805       0xcd CMakeFiles/L051MAX77857.elf.dir/Core/Src/system_stm32l0xx.c.obj
                                0x337 (size before relaxing)
 .debug_str     0x000018d2      0x205 CMakeFiles/L051MAX77857.elf.dir/Core/Src/u8g2/u8g2_buffer.c.obj
                                0xaed (size before relaxing)
 .debug_str     0x00001ad7       0x6c CMakeFiles/L051MAX77857.elf.dir/Core/Src/u8g2/u8g2_d_memory.c.obj
                                0x21c (size before relaxing)
 .debug_str     0x00001b43       0xa0 CMakeFiles/L051MAX77857.elf.dir/Core/Src/u8g2/u8g2_d_setup.c.obj
                                0x94a (size before relaxing)
 .debug_str     0x00001be3      0x5ff CMakeFiles/L051MAX77857.elf.dir/Core/Src/u8g2/u8g2_font.c.obj
                                0xf20 (size before relaxing)
 .debug_str     0x000021e2     0xb3b0 CMakeFiles/L051MAX77857.elf.dir/Core/Src/u8g2/u8g2_fonts.c.obj
                               0xb58a (size before relaxing)
 .debug_str     0x0000d592       0xc1 CMakeFiles/L051MAX77857.elf.dir/Core/Src/u8g2/u8g2_hvline.c.obj
                                0x973 (size before relaxing)
 .debug_str     0x0000d653       0x7c CMakeFiles/L051MAX77857.elf.dir/Core/Src/u8g2/u8g2_intersection.c.obj
                                0x92c (size before relaxing)
 .debug_str     0x0000d6cf       0x73 CMakeFiles/L051MAX77857.elf.dir/Core/Src/u8g2/u8g2_line.c.obj
                                0x934 (size before relaxing)
 .debug_str     0x0000d742       0xa3 CMakeFiles/L051MAX77857.elf.dir/Core/Src/u8g2/u8g2_ll_hvline.c.obj
                                0x95b (size before relaxing)
 .debug_str     0x0000d7e5      0x2a9 CMakeFiles/L051MAX77857.elf.dir/Core/Src/u8g2/u8g2_setup.c.obj
                                0xbc7 (size before relaxing)
 .debug_str     0x0000da8e      0x1ff CMakeFiles/L051MAX77857.elf.dir/Core/Src/u8g2/u8x8_8x8.c.obj
                                0x6a4 (size before relaxing)
 .debug_str     0x0000dc8d      0x244 CMakeFiles/L051MAX77857.elf.dir/Core/Src/u8g2/u8x8_byte.c.obj
                                0x6d8 (size before relaxing)
 .debug_str     0x0000ded1      0x1ff CMakeFiles/L051MAX77857.elf.dir/Core/Src/u8g2/u8x8_cad.c.obj
                                0x73f (size before relaxing)
 .debug_str     0x0000e0d0      0x3b8 CMakeFiles/L051MAX77857.elf.dir/Core/Src/u8g2/u8x8_d_ssd1306_128x64_noname.c.obj
                                0x8ba (size before relaxing)
 .debug_str     0x0000e488      0x119 CMakeFiles/L051MAX77857.elf.dir/Core/Src/u8g2/u8x8_display.c.obj
                                0x645 (size before relaxing)
 .debug_str     0x0000e5a1       0x51 CMakeFiles/L051MAX77857.elf.dir/Core/Src/u8g2/u8x8_gpio.c.obj
                                0x4dc (size before relaxing)
 .debug_str     0x0000e5f2       0x99 CMakeFiles/L051MAX77857.elf.dir/Core/Src/u8g2/u8x8_setup.c.obj
                                0x57f (size before relaxing)
 .debug_str     0x0000e68b       0x69 CMakeFiles/L051MAX77857.elf.dir/Core/Src/u8g2_stm32.c.obj
                                0x9f4 (size before relaxing)
 .debug_str     0x0000e6f4       0x6a CMakeFiles/L051MAX77857.elf.dir/Core/Startup/startup_stm32l051c8tx.s.obj
                                 0xb3 (size before relaxing)
 .debug_str     0x0000e75e      0x448 CMakeFiles/L051MAX77857.elf.dir/Drivers/STM32L0xx_HAL_Driver/Src/stm32l0xx_hal.c.obj
                                0x8a0 (size before relaxing)
 .debug_str     0x0000eba6      0x38c CMakeFiles/L051MAX77857.elf.dir/Drivers/STM32L0xx_HAL_Driver/Src/stm32l0xx_hal_cortex.c.obj
                                0x75e (size before relaxing)
 .debug_str     0x0000ef32      0x11d CMakeFiles/L051MAX77857.elf.dir/Drivers/STM32L0xx_HAL_Driver/Src/stm32l0xx_hal_gpio.c.obj
                                0x4b7 (size before relaxing)
 .debug_str     0x0000f04f      0x214 CMakeFiles/L051MAX77857.elf.dir/Drivers/STM32L0xx_HAL_Driver/Src/stm32l0xx_hal_rcc.c.obj
                                0x757 (size before relaxing)
 .debug_str     0x0000f263      0xe3e CMakeFiles/L051MAX77857.elf.dir/Drivers/STM32L0xx_HAL_Driver/Src/stm32l0xx_hal_tim.c.obj
                               0x15f1 (size before relaxing)
 .debug_str     0x000100a1       0x8b CMakeFiles/L051MAX77857.elf.dir/Drivers/STM32L0xx_HAL_Driver/Src/stm32l0xx_hal_tim_ex.c.obj
                                0x7a6 (size before relaxing)

.comment        0x00000000       0x49
 .comment       0x00000000       0x49 CMakeFiles/L051MAX77857.elf.dir/Core/Src/EntropyI2C.c.obj
                                 0x4a (size before relaxing)
 .comment       0x00000049       0x4a CMakeFiles/L051MAX77857.elf.dir/Core/Src/UI.c.obj
 .comment       0x00000049       0x4a CMakeFiles/L051MAX77857.elf.dir/Core/Src/main.c.obj
 .comment       0x00000049       0x4a CMakeFiles/L051MAX77857.elf.dir/Core/Src/stm32l0xx_hal_msp.c.obj
 .comment       0x00000049       0x4a CMakeFiles/L051MAX77857.elf.dir/Core/Src/stm32l0xx_it.c.obj
 .comment       0x00000049       0x4a CMakeFiles/L051MAX77857.elf.dir/Core/Src/system_stm32l0xx.c.obj
 .comment       0x00000049       0x4a CMakeFiles/L051MAX77857.elf.dir/Core/Src/u8g2/u8g2_buffer.c.obj
 .comment       0x00000049       0x4a CMakeFiles/L051MAX77857.elf.dir/Core/Src/u8g2/u8g2_d_memory.c.obj
 .comment       0x00000049       0x4a CMakeFiles/L051MAX77857.elf.dir/Core/Src/u8g2/u8g2_d_setup.c.obj
 .comment       0x00000049       0x4a CMakeFiles/L051MAX77857.elf.dir/Core/Src/u8g2/u8g2_font.c.obj
 .comment       0x00000049       0x4a CMakeFiles/L051MAX77857.elf.dir/Core/Src/u8g2/u8g2_fonts.c.obj
 .comment       0x00000049       0x4a CMakeFiles/L051MAX77857.elf.dir/Core/Src/u8g2/u8g2_hvline.c.obj
 .comment       0x00000049       0x4a CMakeFiles/L051MAX77857.elf.dir/Core/Src/u8g2/u8g2_intersection.c.obj
 .comment       0x00000049       0x4a CMakeFiles/L051MAX77857.elf.dir/Core/Src/u8g2/u8g2_line.c.obj
 .comment       0x00000049       0x4a CMakeFiles/L051MAX77857.elf.dir/Core/Src/u8g2/u8g2_ll_hvline.c.obj
 .comment       0x00000049       0x4a CMakeFiles/L051MAX77857.elf.dir/Core/Src/u8g2/u8g2_setup.c.obj
 .comment       0x00000049       0x4a CMakeFiles/L051MAX77857.elf.dir/Core/Src/u8g2/u8x8_8x8.c.obj
 .comment       0x00000049       0x4a CMakeFiles/L051MAX77857.elf.dir/Core/Src/u8g2/u8x8_byte.c.obj
 .comment       0x00000049       0x4a CMakeFiles/L051MAX77857.elf.dir/Core/Src/u8g2/u8x8_cad.c.obj
 .comment       0x00000049       0x4a CMakeFiles/L051MAX77857.elf.dir/Core/Src/u8g2/u8x8_d_ssd1306_128x64_noname.c.obj
 .comment       0x00000049       0x4a CMakeFiles/L051MAX77857.elf.dir/Core/Src/u8g2/u8x8_display.c.obj
 .comment       0x00000049       0x4a CMakeFiles/L051MAX77857.elf.dir/Core/Src/u8g2/u8x8_gpio.c.obj
 .comment       0x00000049       0x4a CMakeFiles/L051MAX77857.elf.dir/Core/Src/u8g2/u8x8_setup.c.obj
 .comment       0x00000049       0x4a CMakeFiles/L051MAX77857.elf.dir/Core/Src/u8g2_stm32.c.obj
 .comment       0x00000049       0x4a CMakeFiles/L051MAX77857.elf.dir/Drivers/STM32L0xx_HAL_Driver/Src/stm32l0xx_hal.c.obj
 .comment       0x00000049       0x4a CMakeFiles/L051MAX77857.elf.dir/Drivers/STM32L0xx_HAL_Driver/Src/stm32l0xx_hal_cortex.c.obj
 .comment       0x00000049       0x4a CMakeFiles/L051MAX77857.elf.dir/Drivers/STM32L0xx_HAL_Driver/Src/stm32l0xx_hal_gpio.c.obj
 .comment       0x00000049       0x4a CMakeFiles/L051MAX77857.elf.dir/Drivers/STM32L0xx_HAL_Driver/Src/stm32l0xx_hal_rcc.c.obj
 .comment       0x00000049       0x4a CMakeFiles/L051MAX77857.elf.dir/Drivers/STM32L0xx_HAL_Driver/Src/stm32l0xx_hal_tim.c.obj
 .comment       0x00000049       0x4a CMakeFiles/L051MAX77857.elf.dir/Drivers/STM32L0xx_HAL_Driver/Src/stm32l0xx_hal_tim_ex.c.obj

.debug_frame    0x00000000     0x2dd4
 .debug_frame   0x00000000      0x1ec CMakeFiles/L051MAX77857.elf.dir/Core/Src/EntropyI2C.c.obj
 .debug_frame   0x000001ec       0xc0 CMakeFiles/L051MAX77857.elf.dir/Core/Src/UI.c.obj
 .debug_frame   0x000002ac       0xd4 CMakeFiles/L051MAX77857.elf.dir/Core/Src/main.c.obj
 .debug_frame   0x00000380       0x54 CMakeFiles/L051MAX77857.elf.dir/Core/Src/stm32l0xx_hal_msp.c.obj
 .debug_frame   0x000003d4       0x80 CMakeFiles/L051MAX77857.elf.dir/Core/Src/stm32l0xx_it.c.obj
 .debug_frame   0x00000454       0x38 CMakeFiles/L051MAX77857.elf.dir/Core/Src/system_stm32l0xx.c.obj
 .debug_frame   0x0000048c      0x190 CMakeFiles/L051MAX77857.elf.dir/Core/Src/u8g2/u8g2_buffer.c.obj
 .debug_frame   0x0000061c       0x20 CMakeFiles/L051MAX77857.elf.dir/Core/Src/u8g2/u8g2_d_memory.c.obj
 .debug_frame   0x0000063c       0x30 CMakeFiles/L051MAX77857.elf.dir/Core/Src/u8g2/u8g2_d_setup.c.obj
 .debug_frame   0x0000066c      0x570 CMakeFiles/L051MAX77857.elf.dir/Core/Src/u8g2/u8g2_font.c.obj
 .debug_frame   0x00000bdc       0xc8 CMakeFiles/L051MAX77857.elf.dir/Core/Src/u8g2/u8g2_hvline.c.obj
 .debug_frame   0x00000ca4       0x3c CMakeFiles/L051MAX77857.elf.dir/Core/Src/u8g2/u8g2_intersection.c.obj
 .debug_frame   0x00000ce0       0x3c CMakeFiles/L051MAX77857.elf.dir/Core/Src/u8g2/u8g2_line.c.obj
 .debug_frame   0x00000d1c       0x54 CMakeFiles/L051MAX77857.elf.dir/Core/Src/u8g2/u8g2_ll_hvline.c.obj
 .debug_frame   0x00000d70      0x258 CMakeFiles/L051MAX77857.elf.dir/Core/Src/u8g2/u8g2_setup.c.obj
 .debug_frame   0x00000fc8      0x290 CMakeFiles/L051MAX77857.elf.dir/Core/Src/u8g2/u8x8_8x8.c.obj
 .debug_frame   0x00001258      0x2bc CMakeFiles/L051MAX77857.elf.dir/Core/Src/u8g2/u8x8_byte.c.obj
 .debug_frame   0x00001514      0x2b8 CMakeFiles/L051MAX77857.elf.dir/Core/Src/u8g2/u8x8_cad.c.obj
 .debug_frame   0x000017cc       0xf0 CMakeFiles/L051MAX77857.elf.dir/Core/Src/u8g2/u8x8_d_ssd1306_128x64_noname.c.obj
 .debug_frame   0x000018bc      0x178 CMakeFiles/L051MAX77857.elf.dir/Core/Src/u8g2/u8x8_display.c.obj
 .debug_frame   0x00001a34       0x28 CMakeFiles/L051MAX77857.elf.dir/Core/Src/u8g2/u8x8_gpio.c.obj
 .debug_frame   0x00001a5c       0x68 CMakeFiles/L051MAX77857.elf.dir/Core/Src/u8g2/u8x8_setup.c.obj
 .debug_frame   0x00001ac4       0x40 CMakeFiles/L051MAX77857.elf.dir/Core/Src/u8g2_stm32.c.obj
 .debug_frame   0x00001b04      0x22c CMakeFiles/L051MAX77857.elf.dir/Drivers/STM32L0xx_HAL_Driver/Src/stm32l0xx_hal.c.obj
 .debug_frame   0x00001d30      0x114 CMakeFiles/L051MAX77857.elf.dir/Drivers/STM32L0xx_HAL_Driver/Src/stm32l0xx_hal_cortex.c.obj
 .debug_frame   0x00001e44       0xc0 CMakeFiles/L051MAX77857.elf.dir/Drivers/STM32L0xx_HAL_Driver/Src/stm32l0xx_hal_gpio.c.obj
 .debug_frame   0x00001f04      0x144 CMakeFiles/L051MAX77857.elf.dir/Drivers/STM32L0xx_HAL_Driver/Src/stm32l0xx_hal_rcc.c.obj
 .debug_frame   0x00002048      0xad0 CMakeFiles/L051MAX77857.elf.dir/Drivers/STM32L0xx_HAL_Driver/Src/stm32l0xx_hal_tim.c.obj
 .debug_frame   0x00002b18       0x3c CMakeFiles/L051MAX77857.elf.dir/Drivers/STM32L0xx_HAL_Driver/Src/stm32l0xx_hal_tim_ex.c.obj
 .debug_frame   0x00002b54       0x20 c:/progra~2/gnuarm~1/102021~1.10/bin/../lib/gcc/arm-none-eabi/10.3.1/thumb/v6-m/nofp\libgcc.a(_udivsi3.o)
 .debug_frame   0x00002b74       0x34 c:/progra~2/gnuarm~1/102021~1.10/bin/../lib/gcc/arm-none-eabi/10.3.1/thumb/v6-m/nofp\libgcc.a(_muldi3.o)
 .debug_frame   0x00002ba8       0x3c c:/progra~2/gnuarm~1/102021~1.10/bin/../lib/gcc/arm-none-eabi/10.3.1/thumb/v6-m/nofp\libgcc.a(_udivmoddi4.o)
 .debug_frame   0x00002be4       0x2c c:/progra~2/gnuarm~1/102021~1.10/bin/../lib/gcc/arm-none-eabi/10.3.1/../../../../arm-none-eabi/lib/thumb/v6-m/nofp\libg.a(lib_a-init.o)
 .debug_frame   0x00002c10       0x30 c:/progra~2/gnuarm~1/102021~1.10/bin/../lib/gcc/arm-none-eabi/10.3.1/../../../../arm-none-eabi/lib/thumb/v6-m/nofp\libg.a(lib_a-memset.o)
 .debug_frame   0x00002c40       0x54 c:/progra~2/gnuarm~1/102021~1.10/bin/../lib/gcc/arm-none-eabi/10.3.1/../../../../arm-none-eabi/lib/thumb/v6-m/nofp\libg.a(lib_a-__call_atexit.o)
 .debug_frame   0x00002c94       0x28 c:/progra~2/gnuarm~1/102021~1.10/bin/../lib/gcc/arm-none-eabi/10.3.1/../../../../arm-none-eabi/lib/thumb/v6-m/nofp\libg.a(lib_a-atexit.o)
 .debug_frame   0x00002cbc       0x2c c:/progra~2/gnuarm~1/102021~1.10/bin/../lib/gcc/arm-none-eabi/10.3.1/../../../../arm-none-eabi/lib/thumb/v6-m/nofp\libg.a(lib_a-fini.o)
 .debug_frame   0x00002ce8       0xb0 c:/progra~2/gnuarm~1/102021~1.10/bin/../lib/gcc/arm-none-eabi/10.3.1/../../../../arm-none-eabi/lib/thumb/v6-m/nofp\libg.a(lib_a-lock.o)
 .debug_frame   0x00002d98       0x3c c:/progra~2/gnuarm~1/102021~1.10/bin/../lib/gcc/arm-none-eabi/10.3.1/../../../../arm-none-eabi/lib/thumb/v6-m/nofp\libg.a(lib_a-__atexit.o)
